Microchip MPLAB XC8 Compiler V2.40

Linker command line:

-W-3 \
  --edf=C:\Program Files\Microchip\xc8\v2.40\pic\dat\20220703182018_en.msgs \
  -cn \
  -h+dist/default/production\final-project-hudson-matthias.production.sym \
  --cmf=dist/default/production\final-project-hudson-matthias.production.cmf \
  -z -Q18F67K40 -oC:\Users\44795\AppData\Local\Temp\xcAs1evo.4 \
  --defsym=__MPLAB_BUILD=1 --fixupoverflow=error \
  -Mdist/default/production/final-project-hudson-matthias.production.map \
  --md=C:\Users\44795\AppData\Local\Temp\xcAs1evo.dat -E1 -ver=XC8 Compiler \
  --acfsm=1493 -ACODE=00h-01FFFFh -ACONST=00h-01FFFFh \
  -ASMALLCONST=0E00h-0EFFhx498 -AMEDIUMCONST=0E00h-0FFFFh,010E00h-01FFFFh \
  -ACOMRAM=01h-05Fh -AABS1=00h-0DE9h -ABIGRAM=01h-0DE9h \
  -ARAM=060h-0FFh,0100h-01FFhx12,0D00h-0DE9h -ABANK0=060h-0FFh \
  -ABANK1=0100h-01FFh -ABANK2=0200h-02FFh -ABANK3=0300h-03FFh \
  -ABANK4=0400h-04FFh -ABANK5=0500h-05FFh -ABANK6=0600h-06FFh \
  -ABANK7=0700h-07FFh -ABANK8=0800h-08FFh -ABANK9=0900h-09FFh \
  -ABANK10=0A00h-0AFFh -ABANK11=0B00h-0BFFh -ABANK12=0C00h-0CFFh \
  -ABANK13=0D00h-0DE9h \
  -ASFR=0DEFh-0DFFh,0E00h-0EFFh,0F00h-0F5Fh,0F60h-0FFFh \
  -ABIGSFR=0DEFh-0FFFh -ACONFIG=0300000h-030000Bh -AIDLOC=0200000h-020000Fh \
  -AEEDATA=0310000h-03103FFh -peeprom_data=EEDATA \
  -preset_vec=00h,intcode=08h,intcodelo,powerup,init -pramtop=0E00h \
  -psmallconst=SMALLCONST -pmediumconst=MEDIUMCONST -pconst=CONST \
  -AFARRAM=00h-00h \
  -prdata=COMRAM,nvrram=COMRAM,nvbit=COMRAM,rbss=COMRAM,rbit=COMRAM \
  -pfarbss=FARRAM,fardata=FARRAM,nvFARRAM=FARRAM \
  -pintsave_regs=BIGRAM,bigbss=BIGRAM,bigdata=BIGRAM -pbss=RAM \
  -pidata=CODE,irdata=CODE,ibigdata=CODE,ifardata=CODE -prparam=COMRAM \
  C:\Users\44795\AppData\Local\Temp\xcAs1evo.o \
  dist/default/production\final-project-hudson-matthias.production.o 

Object code version is 3.11

Machine type is 18F67K40



                Name                               Link     Load   Length Selector   Space Scale
C:\Users\44795\AppData\Local\Temp\xcAs1evo.o
                idloc                            200000   200000       10        0       5
                config                           300000   300000        C        0       4
                init                                 76       76        4        4       0
                reset_vec                             0        0        4        0       0
dist/default/production\final-project-hudson-matthias.production.o
                intcode                               8        8       6E        4       0
                idloc                            200000   200000       10        0       5
                config                           300000   300000        C        0       4
                temp                                 5B       5B        1        1       1
                smallconst                          E00      E00       1E      700       0
                text57                             4540     4540       2C      70F       0
                text56                             45C0     45C0       2A      70F       0
                text55                             468A     468A       18      70F       0
                text53                             3C44     3C44       D2      70F       0
                text52                             45EA     45EA       28      70F       0
                text51                             442C     442C       42      70F       0
                text50                             46C2     46C2        A      70F       0
                text49                             46B8     46B8        A      70F       0
                text48                             46AE     46AE        A      70F       0
                text47                             46A2     46A2        C      70F       0
                text46                             4352     4352       50      70F       0
                text45                             4302     4302       50      70F       0
                text44                             42B2     42B2       50      70F       0
                text43                             4262     4262       50      70F       0
                text42                             4110     4110       5E      70F       0
                text41                             3A8A     3A8A       E4      70F       0
                text40                             4596     4596       2A      70F       0
                text39                             44E2     44E2       30      70F       0
                text38                             230E     230E      39A      70F       0
                text37                             38A2     38A2      104      70F       0
                text36                             1EE4     1EE4      42A      70F       0
                text35                             1A24     1A24      4C0      70F       0
                text34                             43A2     43A2       46      70F       0
                text33                             2B14     2B14      1B4      70F       0
                text32                             409C     409C       74      70F       0
                text31                             4612     4612       26      70F       0
                text30                             2E50     2E50      16C      70F       0
                text29                             3B6E     3B6E       D6      70F       0
                text28                             3DE0     3DE0       AE      70F       0
                text27                             3628     3628      13E      70F       0
                text26                             3FA0     3FA0       82      70F       0
                text25                             34EA     34EA      13E      70F       0
                text24                             3F1E     3F1E       82      70F       0
                text23                             4672     4672       18      70F       0
                text22                             4658     4658       1A      70F       0
                text21                             2CC8     2CC8      188      70F       0
                text20                             2FBC     2FBC      164      70F       0
                text19                             446E     446E       40      70F       0
                text18                             46D0     46D0        2      70F       0
                text17                             3D16     3D16       CA      70F       0
                text16                             43E8     43E8       44      70F       0
                text15                             4022     4022       7A      70F       0
                text14                             26A8     26A8      27E      70F       0
                text13                             3120     3120      14E      70F       0
                text12                             4212     4212       50      70F       0
                text11                             41C0     41C0       52      70F       0
                text10                             3766     3766      13C      70F       0
                text9                              33AC     33AC      13E      70F       0
                text8                              326E     326E      13E      70F       0
                text7                               E1E      E1E      C06      70F       0
                text6                              456C     456C       2A      70F       0
                text5                              4638     4638       20      70F       0
                text4                              44AE     44AE       34      70F       0
                text3                              3E8E     3E8E       90      70F       0
                text2                              4512     4512       2E      70F       0
                text1                              39A6     39A6       E4      70F       0
                text0                              2926     2926      1EE      70F       0
                cstackCOMRAM                          1        1       56        1       1
                cstackBANK0                          60       60       6D       60       1
                cstackBANK1                         174      174       32      100       1
                dataBANK1                           1A6      1A6        4      100       1
                bssBANK1                            100      100       74      100       1
                bssBANK0                             CD       CD        5       60       1
                bssCOMRAM                            57       57        4        1       1
                cinit                              416E     416E       52      70F       0
                idataBANK1                         46CC     46CC        4      70F       0

TOTAL           Name                               Link     Load   Length     Space
        CLASS   CODE           
                intcode                               8        8       6E         0
                init                                 76       76        4         0
                reset_vec                             0        0        4         0
                text57                             4540     4540       2C         0
                text56                             45C0     45C0       2A         0
                text55                             468A     468A       18         0
                text53                             3C44     3C44       D2         0
                text52                             45EA     45EA       28         0
                text51                             442C     442C       42         0
                text50                             46C2     46C2        A         0
                text49                             46B8     46B8        A         0
                text48                             46AE     46AE        A         0
                text47                             46A2     46A2        C         0
                text46                             4352     4352       50         0
                text45                             4302     4302       50         0
                text44                             42B2     42B2       50         0
                text43                             4262     4262       50         0
                text42                             4110     4110       5E         0
                text41                             3A8A     3A8A       E4         0
                text40                             4596     4596       2A         0
                text39                             44E2     44E2       30         0
                text38                             230E     230E      39A         0
                text37                             38A2     38A2      104         0
                text36                             1EE4     1EE4      42A         0
                text35                             1A24     1A24      4C0         0
                text34                             43A2     43A2       46         0
                text33                             2B14     2B14      1B4         0
                text32                             409C     409C       74         0
                text31                             4612     4612       26         0
                text30                             2E50     2E50      16C         0
                text29                             3B6E     3B6E       D6         0
                text28                             3DE0     3DE0       AE         0
                text27                             3628     3628      13E         0
                text26                             3FA0     3FA0       82         0
                text25                             34EA     34EA      13E         0
                text24                             3F1E     3F1E       82         0
                text23                             4672     4672       18         0
                text22                             4658     4658       1A         0
                text21                             2CC8     2CC8      188         0
                text20                             2FBC     2FBC      164         0
                text19                             446E     446E       40         0
                text18                             46D0     46D0        2         0
                text17                             3D16     3D16       CA         0
                text16                             43E8     43E8       44         0
                text15                             4022     4022       7A         0
                text14                             26A8     26A8      27E         0
                text13                             3120     3120      14E         0
                text12                             4212     4212       50         0
                text11                             41C0     41C0       52         0
                text10                             3766     3766      13C         0
                text9                              33AC     33AC      13E         0
                text8                              326E     326E      13E         0
                text7                               E1E      E1E      C06         0
                text6                              456C     456C       2A         0
                text5                              4638     4638       20         0
                text4                              44AE     44AE       34         0
                text3                              3E8E     3E8E       90         0
                text2                              4512     4512       2E         0
                text1                              39A6     39A6       E4         0
                text0                              2926     2926      1EE         0
                cinit                              416E     416E       52         0
                idataBANK1                         46CC     46CC        4         0

        CLASS   CONST          

        CLASS   SMALLCONST     
                smallconst                          E00      E00       1E         0

        CLASS   MEDIUMCONST    

        CLASS   COMRAM         
                temp                                 5B       5B        1         1
                cstackCOMRAM                          1        1       56         1
                bssCOMRAM                            57       57        4         1

        CLASS   ABS1           

        CLASS   BIGRAM         

        CLASS   RAM            

        CLASS   BANK0          
                cstackBANK0                          60       60       6D         1
                bssBANK0                             CD       CD        5         1

        CLASS   BANK1          
                cstackBANK1                         174      174       32         1
                dataBANK1                           1A6      1A6        4         1
                bssBANK1                            100      100       74         1

        CLASS   BANK2          

        CLASS   BANK3          

        CLASS   BANK4          

        CLASS   BANK5          

        CLASS   BANK6          

        CLASS   BANK7          

        CLASS   BANK8          

        CLASS   BANK9          

        CLASS   BANK10         

        CLASS   BANK11         

        CLASS   BANK12         

        CLASS   BANK13         

        CLASS   SFR            

        CLASS   BIGSFR         

        CLASS   CONFIG         
                config                           300000   300000        C         4

        CLASS   IDLOC          
                idloc                            200000   200000       10         5

        CLASS   EEDATA         

        CLASS   FARRAM         

        CLASS   HEAP           

        CLASS   STACK          



SEGMENTS        Name                           Load    Length   Top    Selector   Space  Class

                reset_vec                      000000  000004  000004         0       0  CODE    
                cstackCOMRAM                   000001  00005B  00005C         1       1  COMRAM  
                intcode                        000008  000072  00007A         4       0  CODE    
                cstackBANK0                    000060  000072  0000D2        60       1  BANK0   
                bssBANK1                       000100  0000AA  0001AA       100       1  BANK1   
                smallconst                     000E00  00001E  000E1E       700       0  SMALLCON
                text7                          000E1E  0038B4  0046D2       70F       0  CODE    


UNUSED ADDRESS RANGES

        Name                Unused          Largest block    Delta
        BANK0            0000D2-0000FF               2E
        BANK1            0001AA-0001FF               56
        BANK10           000A00-000AFF              100
        BANK11           000B00-000BFF              100
        BANK12           000C00-000CFF              100
        BANK13           000D00-000DE9               EA
        BANK2            000200-0002FF              100
        BANK3            000300-0003FF              100
        BANK4            000400-0004FF              100
        BANK5            000500-0005FF              100
        BANK6            000600-0006FF              100
        BANK7            000700-0007FF              100
        BANK8            000800-0008FF              100
        BANK9            000900-0009FF              100
        BIGRAM           00005C-00005F                4
                         0000D2-0000FF               2E
                         0001AA-000DE9              C40
        BIGSFR           000DEF-000FFF              211
        CODE             000004-000007                4
                         00007A-000DFF              D86
                         0046D2-01FFFF            1B92E
        COMRAM           00005C-00005F                4
        CONST            000004-000007                4
                         00007A-000DFF              D86
                         0046D2-01FFFF            1B92E
        EEDATA           310000-3103FF              400
        MEDIUMCONST      0046D2-00FFFF             B92E
                         010E00-01FFFF             F200
        RAM              0000D2-0000FF               2E
                         0001AA-000DE9              100
        SFR              000DEF-000FFF              100
        SMALLCONST       0046D2-01FFFF              100

                                  Symbol Table

?___aodiv                      cstackCOMRAM 000005
?___aomod                      cstackCOMRAM 000005
?___fladd                      cstackCOMRAM 000005
?___fldiv                      cstackCOMRAM 000036
?___flmul                      cstackCOMRAM 00001D
?___flsub                      cstackCOMRAM 000015
?___lwdiv                      cstackCOMRAM 00000B
?___wmul                       cstackCOMRAM 000005
?___xxtofl                     cstackCOMRAM 000005
?_abs                          cstackCOMRAM 000017
?_color_read_Blue              cstackCOMRAM 000009
?_color_read_Clear             cstackCOMRAM 000009
?_color_read_Green             cstackCOMRAM 000009
?_color_read_Red               cstackCOMRAM 000009
?_sprintf                      cstackBANK0  000066
?_vfprintf                     cstackBANK0  000060
DCmotorsInit@mL                cstackCOMRAM 000005
DCmotorsInit@mR                cstackCOMRAM 000007
I2C_2_Master_Read@ack          cstackCOMRAM 000007
I2C_2_Master_Read@tmp          cstackCOMRAM 000008
I2C_2_Master_Write@data_byte   cstackCOMRAM 000006
TxBufferedString@string        cstackCOMRAM 000006
_ANSELDbits                    (abs)        000EA7
_ANSELFbits                    (abs)        000EB4
_BAUD4CONbits                  (abs)        000EE9
_CCP1CONbits                   (abs)        000FAB
_CCP2CONbits                   (abs)        000FA7
_CCP3CONbits                   (abs)        000F26
_CCP4CONbits                   (abs)        000F22
_CCPR1H                        (abs)        000FAA
_CCPR2H                        (abs)        000FA6
_CCPR3H                        (abs)        000F25
_CCPR4H                        (abs)        000F21
_CCPTMRS0bits                  (abs)        000FAD
_DCmotorsInit                  text53       003C44
_EUSART4RXbuf                  bssBANK1     00013C
_EUSART4TXbuf                  bssBANK1     000100
_HighISR                       intcode      000008
_I2C_2_Master_Idle             text52       0045EA
_I2C_2_Master_Init             text6        00456C
_I2C_2_Master_Read             text51       00442C
_I2C_2_Master_RepStart         text50       0046C2
_I2C_2_Master_Start            text49       0046B8
_I2C_2_Master_Stop             text48       0046AE
_I2C_2_Master_Write            text47       0046A2
_INTCONbits                    (abs)        000FF2
_IPR4bits                      (abs)        000E23
_LATAbits                      (abs)        000F79
_LATCbits                      (abs)        000F7B
_LATDbits                      (abs)        000F7C
_LATEbits                      (abs)        000F7D
_LATFbits                      (abs)        000F7E
_LATGbits                      (abs)        000F7F
_LATHbits                      (abs)        000F80
_PIE4bits                      (abs)        000E2D
_PIR4bits                      (abs)        000E37
_PORTFbits                     (abs)        000F8E
_RC0PPS                        (abs)        000E62
_RC4REG                        (abs)        000EE3
_RC4STAbits                    (abs)        000EE7
_RC7PPS                        (abs)        000E69
_RD5PPS                        (abs)        000E6F
_RD6PPS                        (abs)        000E70
_RE2PPS                        (abs)        000E74
_RE4PPS                        (abs)        000E76
_RG6PPS                        (abs)        000E88
_RX4PPS                        (abs)        000E15
_RxBufReadCnt                  bssCOMRAM    000059
_RxBufWriteCnt                 bssCOMRAM    00005A
_SP4BRGH                       (abs)        000EE6
_SP4BRGL                       (abs)        000EE5
_SSP2ADD                       (abs)        000ED6
_SSP2BUF                       (abs)        000ED5
_SSP2CLKPPS                    (abs)        000E1C
_SSP2CON1bits                  (abs)        000ED9
_SSP2CON2                      (abs)        000EDA
_SSP2CON2bits                  (abs)        000EDA
_SSP2DATPPS                    (abs)        000E1D
_SSP2STAT                      (abs)        000ED8
_T0CON0bits                    (abs)        000FD5
_T0CON1bits                    (abs)        000FD6
_T2CLKCONbits                  (abs)        000FBF
_T2CONbits                     (abs)        000FBD
_T2HLTbits                     (abs)        000FBE
_T2PR                          (abs)        000FBC
_TMR0H                         (abs)        000FD4
_TMR0L                         (abs)        000FD3
_TRISAbits                     (abs)        000F81
_TRISCbits                     (abs)        000F83
_TRISDbits                     (abs)        000F84
_TRISEbits                     (abs)        000F85
_TRISFbits                     (abs)        000F86
_TRISGbits                     (abs)        000F87
_TRISHbits                     (abs)        000F88
_TX4REG                        (abs)        000EE4
_TX4STAbits                    (abs)        000EE8
_TxBufReadCnt                  bssCOMRAM    000057
_TxBufWriteCnt                 bssCOMRAM    000058
_TxBufferedString              text39       0044E2
__HRAM                         (abs)        000000
__Habs1                        abs1         000000
__Hbank0                       bank0        000000
__Hbank1                       bank1        000000
__Hbank10                      bank10       000000
__Hbank11                      bank11       000000
__Hbank12                      bank12       000000
__Hbank13                      bank13       000000
__Hbank2                       bank2        000000
__Hbank3                       bank3        000000
__Hbank4                       bank4        000000
__Hbank5                       bank5        000000
__Hbank6                       bank6        000000
__Hbank7                       bank7        000000
__Hbank8                       bank8        000000
__Hbank9                       bank9        000000
__Hbigbss                      bigbss       000000
__Hbigdata                     bigdata      000000
__Hbigram                      bigram       000000
__Hbigsfr                      bigsfr       000000
__Hbss                         bss          000000
__HbssBANK0                    bssBANK0     000000
__HbssBANK1                    bssBANK1     000000
__HbssCOMRAM                   bssCOMRAM    000000
__Hcinit                       cinit        000000
__Hclrtext                     clrtext      000000
__Hcomram                      comram       000000
__Hconfig                      config       30000C
__Hconst                       const        000000
__HcstackBANK0                 cstackBANK0  000000
__HcstackBANK1                 cstackBANK1  000000
__HcstackCOMRAM                cstackCOMRAM 000000
__Hdata                        data         000000
__HdataBANK1                   dataBANK1    000000
__Heeprom_data                 eeprom_data  000000
__Hfarbss                      farbss       000000
__Hfardata                     fardata      000000
__Hheap                        heap         000000
__Hibigdata                    ibigdata     000000
__Hidata                       idata        000000
__HidataBANK1                  idataBANK1   000000
__Hidloc                       idloc        200010
__Hifardata                    ifardata     000000
__Hinit                        init         00007A
__Hintcode                     intcode      000076
__Hintcode_body                intcode_body 000000
__Hintcodelo                   intcodelo    000076
__Hintentry                    intentry     000000
__Hintret                      intret       000000
__Hintsave_regs                intsave_regs 000000
__Hirdata                      irdata       000000
__Hmediumconst                 mediumconst  000000
__HnvFARRAM                    nvFARRAM     000000
__Hnvbit                       nvbit        000000
__Hnvrram                      nvrram       000000
__Hparam                       rparam       000000
__Hpowerup                     powerup      000076
__Hram                         ram          000000
__Hramtop                      ramtop       000E00
__Hrbit                        rbit         000000
__Hrbss                        rbss         000000
__Hrdata                       rdata        000000
__Hreset_vec                   reset_vec    000004
__Hrparam                      rparam       000000
__Hsfr                         sfr          000000
__Hsmallconst                  smallconst   000E1E
__Hspace_0                     (abs)        0046D2
__Hspace_1                     (abs)        0001AA
__Hspace_2                     (abs)        000000
__Hspace_4                     (abs)        60000C
__Hstack                       stack        000000
__Hstruct                      struct       000000
__Htemp                        temp         00005C
__Htext                        text         000000
__Htext0                       text0        000000
__Htext1                       text1        000000
__Htext10                      text10       000000
__Htext11                      text11       000000
__Htext12                      text12       000000
__Htext13                      text13       000000
__Htext14                      text14       000000
__Htext15                      text15       000000
__Htext16                      text16       000000
__Htext17                      text17       000000
__Htext18                      text18       000000
__Htext19                      text19       000000
__Htext2                       text2        000000
__Htext20                      text20       000000
__Htext21                      text21       000000
__Htext22                      text22       000000
__Htext23                      text23       000000
__Htext24                      text24       000000
__Htext25                      text25       000000
__Htext26                      text26       000000
__Htext27                      text27       000000
__Htext28                      text28       000000
__Htext29                      text29       000000
__Htext3                       text3        000000
__Htext30                      text30       000000
__Htext31                      text31       000000
__Htext32                      text32       000000
__Htext33                      text33       000000
__Htext34                      text34       000000
__Htext35                      text35       000000
__Htext36                      text36       000000
__Htext37                      text37       000000
__Htext38                      text38       000000
__Htext39                      text39       000000
__Htext4                       text4        000000
__Htext40                      text40       000000
__Htext41                      text41       000000
__Htext42                      text42       000000
__Htext43                      text43       000000
__Htext44                      text44       000000
__Htext45                      text45       000000
__Htext46                      text46       000000
__Htext47                      text47       000000
__Htext48                      text48       000000
__Htext49                      text49       000000
__Htext5                       text5        000000
__Htext50                      text50       000000
__Htext51                      text51       000000
__Htext52                      text52       000000
__Htext53                      text53       000000
__Htext55                      text55       000000
__Htext56                      text56       000000
__Htext57                      text57       000000
__Htext6                       text6        000000
__Htext7                       text7        000000
__Htext8                       text8        000000
__Htext9                       text9        000000
__LRAM                         (abs)        000001
__Labs1                        abs1         000000
__Lbank0                       bank0        000000
__Lbank1                       bank1        000000
__Lbank10                      bank10       000000
__Lbank11                      bank11       000000
__Lbank12                      bank12       000000
__Lbank13                      bank13       000000
__Lbank2                       bank2        000000
__Lbank3                       bank3        000000
__Lbank4                       bank4        000000
__Lbank5                       bank5        000000
__Lbank6                       bank6        000000
__Lbank7                       bank7        000000
__Lbank8                       bank8        000000
__Lbank9                       bank9        000000
__Lbigbss                      bigbss       000000
__Lbigdata                     bigdata      000000
__Lbigram                      bigram       000000
__Lbigsfr                      bigsfr       000000
__Lbss                         bss          000000
__LbssBANK0                    bssBANK0     000000
__LbssBANK1                    bssBANK1     000000
__LbssCOMRAM                   bssCOMRAM    000000
__Lcinit                       cinit        000000
__Lclrtext                     clrtext      000000
__Lcomram                      comram       000000
__Lconfig                      config       000000
__Lconst                       const        000000
__LcstackBANK0                 cstackBANK0  000000
__LcstackBANK1                 cstackBANK1  000000
__LcstackCOMRAM                cstackCOMRAM 000000
__Ldata                        data         000000
__LdataBANK1                   dataBANK1    000000
__Leeprom_data                 eeprom_data  000000
__Lfarbss                      farbss       000000
__Lfardata                     fardata      000000
__Lheap                        heap         000000
__Libigdata                    ibigdata     000000
__Lidata                       idata        000000
__LidataBANK1                  idataBANK1   000000
__Lidloc                       idloc        000000
__Lifardata                    ifardata     000000
__Linit                        init         000076
__Lintcode                     intcode      000008
__Lintcode_body                intcode_body 000000
__Lintcodelo                   intcodelo    000076
__Lintentry                    intentry     000000
__Lintret                      intret       000000
__Lintsave_regs                intsave_regs 000000
__Lirdata                      irdata       000000
__Lmediumconst                 mediumconst  000000
__LnvFARRAM                    nvFARRAM     000000
__Lnvbit                       nvbit        000000
__Lnvrram                      nvrram       000000
__Lparam                       rparam       000000
__Lpowerup                     powerup      000076
__Lram                         ram          000000
__Lramtop                      ramtop       000E00
__Lrbit                        rbit         000000
__Lrbss                        rbss         000000
__Lrdata                       rdata        000000
__Lreset_vec                   reset_vec    000000
__Lrparam                      rparam       000000
__Lsfr                         sfr          000000
__Lsmallconst                  smallconst   000E00
__Lspace_0                     (abs)        000000
__Lspace_1                     (abs)        000000
__Lspace_2                     (abs)        000000
__Lspace_4                     (abs)        000000
__Lstack                       stack        000000
__Lstruct                      struct       000000
__Ltemp                        temp         00005B
__Ltext                        text         000000
__Ltext0                       text0        000000
__Ltext1                       text1        000000
__Ltext10                      text10       000000
__Ltext11                      text11       000000
__Ltext12                      text12       000000
__Ltext13                      text13       000000
__Ltext14                      text14       000000
__Ltext15                      text15       000000
__Ltext16                      text16       000000
__Ltext17                      text17       000000
__Ltext18                      text18       000000
__Ltext19                      text19       000000
__Ltext2                       text2        000000
__Ltext20                      text20       000000
__Ltext21                      text21       000000
__Ltext22                      text22       000000
__Ltext23                      text23       000000
__Ltext24                      text24       000000
__Ltext25                      text25       000000
__Ltext26                      text26       000000
__Ltext27                      text27       000000
__Ltext28                      text28       000000
__Ltext29                      text29       000000
__Ltext3                       text3        000000
__Ltext30                      text30       000000
__Ltext31                      text31       000000
__Ltext32                      text32       000000
__Ltext33                      text33       000000
__Ltext34                      text34       000000
__Ltext35                      text35       000000
__Ltext36                      text36       000000
__Ltext37                      text37       000000
__Ltext38                      text38       000000
__Ltext39                      text39       000000
__Ltext4                       text4        000000
__Ltext40                      text40       000000
__Ltext41                      text41       000000
__Ltext42                      text42       000000
__Ltext43                      text43       000000
__Ltext44                      text44       000000
__Ltext45                      text45       000000
__Ltext46                      text46       000000
__Ltext47                      text47       000000
__Ltext48                      text48       000000
__Ltext49                      text49       000000
__Ltext5                       text5        000000
__Ltext50                      text50       000000
__Ltext51                      text51       000000
__Ltext52                      text52       000000
__Ltext53                      text53       000000
__Ltext55                      text55       000000
__Ltext56                      text56       000000
__Ltext57                      text57       000000
__Ltext6                       text6        000000
__Ltext7                       text7        000000
__Ltext8                       text8        000000
__Ltext9                       text9        000000
__S0                           (abs)        0046D2
__S1                           (abs)        0001AA
__S4                           (abs)        000000
__S5                           (abs)        000000
___aodiv                       text21       002CC8
___aodiv@counter               cstackCOMRAM 000015
___aodiv@dividend              cstackCOMRAM 000005
___aodiv@divisor               cstackCOMRAM 00000D
___aodiv@quotient              cstackCOMRAM 000017
___aodiv@sign                  cstackCOMRAM 000016
___aomod                       text20       002FBC
___aomod@counter               cstackCOMRAM 000015
___aomod@dividend              cstackCOMRAM 000005
___aomod@divisor               cstackCOMRAM 00000D
___aomod@sign                  cstackCOMRAM 000016
___fladd                       text35       001A24
___fladd@a                     cstackCOMRAM 000009
___fladd@aexp                  cstackCOMRAM 000012
___fladd@b                     cstackCOMRAM 000005
___fladd@bexp                  cstackCOMRAM 000013
___fladd@grs                   cstackCOMRAM 000014
___fladd@signs                 cstackCOMRAM 000011
___fldiv                       text38       00230E
___fldiv@a                     cstackCOMRAM 00003A
___fldiv@aexp                  cstackCOMRAM 00004E
___fldiv@b                     cstackCOMRAM 000036
___fldiv@bexp                  cstackCOMRAM 00004D
___fldiv@grs                   cstackCOMRAM 000049
___fldiv@new_exp               cstackCOMRAM 000047
___fldiv@rem                   cstackCOMRAM 000042
___fldiv@sign                  cstackCOMRAM 000046
___flge                        text37       0038A2
___flge@ff1                    cstackCOMRAM 00001D
___flge@ff2                    cstackCOMRAM 000021
___flmul                       text36       001EE4
___flmul@a                     cstackCOMRAM 000021
___flmul@aexp                  cstackCOMRAM 00002A
___flmul@b                     cstackCOMRAM 00001D
___flmul@bexp                  cstackCOMRAM 00002F
___flmul@grs                   cstackCOMRAM 00002B
___flmul@prod                  cstackCOMRAM 000030
___flmul@sign                  cstackCOMRAM 000029
___flmul@temp                  cstackCOMRAM 000034
___flsub                       text34       0043A2
___flsub@a                     cstackCOMRAM 000019
___flsub@b                     cstackCOMRAM 000015
___heap_hi                     (abs)        000000
___heap_lo                     (abs)        000000
___inthi_sp                    stack        000000
___intlo_sp                    stack        000000
___lwdiv                       text32       00409C
___lwdiv@counter               cstackCOMRAM 00000F
___lwdiv@dividend              cstackCOMRAM 00000B
___lwdiv@divisor               cstackCOMRAM 00000D
___lwdiv@quotient              cstackCOMRAM 000010
___param_bank                  (abs)        000000
___rparam_used                 (abs)        000001
___sp                          stack        000000
___wmul                        text31       004612
___wmul@multiplicand           cstackCOMRAM 000007
___wmul@multiplier             cstackCOMRAM 000005
___wmul@product                cstackCOMRAM 000009
___xxtofl                      text33       002B14
___xxtofl@arg                  cstackCOMRAM 00000F
___xxtofl@exp                  cstackCOMRAM 00000E
___xxtofl@sign                 cstackCOMRAM 00000D
___xxtofl@val                  cstackCOMRAM 000005
__accesstop                    (abs)        000060
__activetblptr                 (abs)        000001
__end_of_DCmotorsInit          text53       003D16
__end_of_HighISR               intcode      000076
__end_of_I2C_2_Master_Idle     text52       004612
__end_of_I2C_2_Master_Init     text6        004596
__end_of_I2C_2_Master_Read     text51       00446E
__end_of_I2C_2_Master_RepStart text50       0046CC
__end_of_I2C_2_Master_Start    text49       0046C2
__end_of_I2C_2_Master_Stop     text48       0046B8
__end_of_I2C_2_Master_Write    text47       0046AE
__end_of_TxBufferedString      text39       004512
__end_of___aodiv               text21       002E50
__end_of___aomod               text20       003120
__end_of___fladd               text35       001EE4
__end_of___fldiv               text38       0026A8
__end_of___flge                text37       0039A6
__end_of___flmul               text36       00230E
__end_of___flsub               text34       0043E8
__end_of___lwdiv               text32       004110
__end_of___wmul                text31       004638
__end_of___xxtofl              text33       002CC8
__end_of__initialization       cinit        0041AE
__end_of_abs                   text19       0044AE
__end_of_ambientCal            text41       003B6E
__end_of_colorDetect           text7        001A24
__end_of_color_click_init      text4        0044E2
__end_of_color_read_Blue       text46       0043A2
__end_of_color_read_Clear      text45       004352
__end_of_color_read_Green      text44       004302
__end_of_color_read_Red        text43       0042B2
__end_of_color_writetoaddr     text5        004658
__end_of_dtoa                  text14       002926
__end_of_fputc                 text17       003DE0
__end_of_fputs                 text16       00442C
__end_of_getCharFromTxBuf      text57       00456C
__end_of_getColor              text42       00416E
__end_of_initDCmotorsPWM       text3        003F1E
__end_of_initUSART4            text2        004540
__end_of_isDataInTxBuf         text23       00468A
__end_of_main                  text0        002B14
__end_of_pad                   text15       00409C
__end_of_putCharToRxBuf        text56       0045EA
__end_of_putCharToTxBuf        text40       0045C0
__end_of_putch                 text18       0046D2
__end_of_reverse               text29       003C44
__end_of_reverseSquareLeft     text26       004022
__end_of_reverseSquareRight    text24       003FA0
__end_of_sendTxBuf             text22       004672
__end_of_setMotorPWM           text30       002FBC
__end_of_sprintf               text11       004212
__end_of_stop                  text28       003E8E
__end_of_turnLeft_135          text10       0038A2
__end_of_turnLeft_90           text27       003766
__end_of_turnRight_135         text9        0034EA
__end_of_turnRight_90          text25       003628
__end_of_turn_180              text8        0033AC
__end_of_vfpfcnvrt             text13       00326E
__end_of_vfprintf              text12       004262
__end_of_whiteCal              text1        003A8A
__end_ofi2_isDataInTxBuf       text55       0046A2
__initialization               cinit        00416E
__mediumconst                  mediumconst  000000
__pbssBANK0                    bssBANK0     0000CD
__pbssBANK1                    bssBANK1     000100
__pbssCOMRAM                   bssCOMRAM    000057
__pcinit                       cinit        00416E
__pcstackBANK0                 cstackBANK0  000060
__pcstackBANK1                 cstackBANK1  000174
__pcstackCOMRAM                cstackCOMRAM 000001
__pdataBANK1                   dataBANK1    0001A6
__pidataBANK1                  idataBANK1   0046CC
__pintcode                     intcode      000008
__psmallconst                  smallconst   000E00
__ptext0                       text0        002926
__ptext1                       text1        0039A6
__ptext10                      text10       003766
__ptext11                      text11       0041C0
__ptext12                      text12       004212
__ptext13                      text13       003120
__ptext14                      text14       0026A8
__ptext15                      text15       004022
__ptext16                      text16       0043E8
__ptext17                      text17       003D16
__ptext18                      text18       0046D0
__ptext19                      text19       00446E
__ptext2                       text2        004512
__ptext20                      text20       002FBC
__ptext21                      text21       002CC8
__ptext22                      text22       004658
__ptext23                      text23       004672
__ptext24                      text24       003F1E
__ptext25                      text25       0034EA
__ptext26                      text26       003FA0
__ptext27                      text27       003628
__ptext28                      text28       003DE0
__ptext29                      text29       003B6E
__ptext3                       text3        003E8E
__ptext30                      text30       002E50
__ptext31                      text31       004612
__ptext32                      text32       00409C
__ptext33                      text33       002B14
__ptext34                      text34       0043A2
__ptext35                      text35       001A24
__ptext36                      text36       001EE4
__ptext37                      text37       0038A2
__ptext38                      text38       00230E
__ptext39                      text39       0044E2
__ptext4                       text4        0044AE
__ptext40                      text40       004596
__ptext41                      text41       003A8A
__ptext42                      text42       004110
__ptext43                      text43       004262
__ptext44                      text44       0042B2
__ptext45                      text45       004302
__ptext46                      text46       004352
__ptext47                      text47       0046A2
__ptext48                      text48       0046AE
__ptext49                      text49       0046B8
__ptext5                       text5        004638
__ptext50                      text50       0046C2
__ptext51                      text51       00442C
__ptext52                      text52       0045EA
__ptext53                      text53       003C44
__ptext55                      text55       00468A
__ptext56                      text56       0045C0
__ptext57                      text57       004540
__ptext6                       text6        00456C
__ptext7                       text7        000E1E
__ptext8                       text8        00326E
__ptext9                       text9        0033AC
__ramtop                       ramtop       000E00
__smallconst                   smallconst   000E00
_abs                           text19       00446E
_ambientCal                    text41       003A8A
_colorDetect                   text7        000E1E
_color_click_init              text4        0044AE
_color_read_Blue               text46       004352
_color_read_Clear              text45       004302
_color_read_Green              text44       0042B2
_color_read_Red                text43       004262
_color_writetoaddr             text5        004638
_dbuf                          bssBANK1     000154
_dtoa                          text14       0026A8
_dtoa$2676                     cstackCOMRAM 000032
_flags                         bssBANK0     0000D1
_fputc                         text17       003D16
_fputs                         text16       0043E8
_getCharFromTxBuf              text57       004540
_getColor                      text42       004110
_initDCmotorsPWM               text3        003E8E
_initUSART4                    text2        004512
_isDataInTxBuf                 text23       004672
_main                          text0        002926
_off_period                    bssBANK1     000150
_on_period                     bssBANK1     000152
_pad                           text15       004022
_prec                          bssBANK0     0000CF
_putCharToRxBuf                text56       0045C0
_putCharToTxBuf                text40       004596
_putch                         text18       0046D0
_reverse                       text29       003B6E
_reverseSquareLeft             text26       003FA0
_reverseSquareRight            text24       003F1E
_reverse_time                  dataBANK1    0001A6
_sendTxBuf                     text22       004658
_setMotorPWM                   text30       002E50
_sprintf                       text11       0041C0
_stop                          text28       003DE0
_turnLeft_135                  text10       003766
_turnLeft_90                   text27       003628
_turnRight_135                 text9        0033AC
_turnRight_90                  text25       0034EA
_turn_180                      text8        00326E
_turning_time45                dataBANK1    0001A8
_vfpfcnvrt                     text13       003120
_vfprintf                      text12       004212
_whiteCal                      text1        0039A6
_width                         bssBANK0     0000CD
abs@a                          cstackCOMRAM 000017
ambientCal@i                   cstackCOMRAM 000016
ambientCal@v                   cstackCOMRAM 000012
btemp                          temp         00005B
colorDetect@RGBVal             cstackBANK0  0000B7
colorDetect@ambientB           cstackBANK0  0000B5
colorDetect@ambientG           cstackBANK0  0000B3
colorDetect@ambientR           cstackBANK0  0000B1
colorDetect@ambientRGBVal      cstackBANK0  000087
colorDetect@bluePrint          cstackBANK0  0000C7
colorDetect@clearRef           cstackBANK0  000083
colorDetect@greenPrint         cstackBANK0  0000C3
colorDetect@mL                 cstackBANK0  00008B
colorDetect@mR                 cstackBANK0  00008D
colorDetect@redPrint           cstackBANK0  0000BF
colorDetect@testString         cstackBANK0  000091
colorDetect@whiteB             cstackBANK0  0000AD
colorDetect@whiteG             cstackBANK0  0000A9
colorDetect@whiteR             cstackBANK0  0000A5
colorDetect@whiteRGBVal        cstackBANK0  000089
color_read_Blue@tmp            cstackCOMRAM 00000E
color_read_Clear@tmp           cstackCOMRAM 00000E
color_read_Green@tmp           cstackCOMRAM 00000E
color_read_Red@tmp             cstackCOMRAM 00000E
color_writetoaddr@address      cstackCOMRAM 000008
color_writetoaddr@value        cstackCOMRAM 000007
dtoa@d                         cstackCOMRAM 000022
dtoa@fp                        cstackCOMRAM 000020
dtoa@i                         cstackCOMRAM 000041
dtoa@n                         cstackCOMRAM 000038
dtoa@p                         cstackCOMRAM 000034
dtoa@s                         cstackCOMRAM 000040
dtoa@w                         cstackCOMRAM 000036
end_of_initialization          cinit        0041AE
fputc@c                        cstackCOMRAM 000005
fputc@fp                       cstackCOMRAM 000007
fputs@c                        cstackCOMRAM 000012
fputs@fp                       cstackCOMRAM 000010
fputs@i                        cstackCOMRAM 000013
fputs@s                        cstackCOMRAM 00000E
getColor@v                     cstackCOMRAM 000010
i2_isDataInTxBuf               text55       00468A
initDCmotorsPWM@PWMperiod      cstackCOMRAM 000005
int$flags                      temp         00005B
intlevel0                      text         000000
intlevel1                      text         000000
intlevel2                      text         000000
intlevel3                      text         000000
isa$std                        (abs)        000001
isa$xinst                      (abs)        000000
main@RGBVal                    cstackBANK1  00017C
main@ambientRGBVal             cstackBANK1  000184
main@clearRef                  cstackBANK1  000178
main@motorLeft                 cstackBANK1  00019D
main@motorRight                cstackBANK1  000194
main@whiteC                    cstackBANK1  000174
main@whiteRGBVal               cstackBANK1  00018C
pad@buf                        cstackCOMRAM 000017
pad@fp                         cstackCOMRAM 000015
pad@i                          cstackCOMRAM 00001C
pad@p                          cstackCOMRAM 000019
pad@w                          cstackCOMRAM 00001E
putCharToRxBuf@byte            cstackCOMRAM 000001
putCharToTxBuf@byte            cstackCOMRAM 000005
reverse@mL                     cstackCOMRAM 000018
reverse@mR                     cstackCOMRAM 00001A
reverseSquareLeft@mL           cstackCOMRAM 000024
reverseSquareLeft@mR           cstackCOMRAM 000026
reverseSquareRight@mL          cstackCOMRAM 000024
reverseSquareRight@mR          cstackCOMRAM 000026
setMotorPWM@m                  cstackCOMRAM 000012
setMotorPWM@negDuty            cstackCOMRAM 000017
setMotorPWM@posDuty            cstackCOMRAM 000016
sprintf@ap                     cstackBANK0  000076
sprintf@f                      cstackBANK0  000078
sprintf@fmt                    cstackBANK0  000068
sprintf@s                      cstackBANK0  000066
stackhi                        (abs)        000000
stacklo                        (abs)        000000
start                          init         000076
start_initialization           cinit        00416E
stop@mL                        cstackCOMRAM 000018
stop@mR                        cstackCOMRAM 00001A
ttemp5                         temp         00005C
ttemp6                         temp         00005F
ttemp7                         temp         000063
turnLeft_135@mL                cstackCOMRAM 00001E
turnLeft_135@mR                cstackCOMRAM 000020
turnLeft_90@mL                 cstackCOMRAM 00001E
turnLeft_90@mR                 cstackCOMRAM 000020
turnRight_135@mL               cstackCOMRAM 00001E
turnRight_135@mR               cstackCOMRAM 000020
turnRight_90@mL                cstackCOMRAM 00001E
turnRight_90@mR                cstackCOMRAM 000020
turn_180@mL                    cstackCOMRAM 00001E
turn_180@mR                    cstackCOMRAM 000020
vfpfcnvrt@ap                   cstackCOMRAM 000047
vfpfcnvrt@convarg              cstackCOMRAM 00004B
vfpfcnvrt@cp                   cstackCOMRAM 000053
vfpfcnvrt@fmt                  cstackCOMRAM 000045
vfpfcnvrt@fp                   cstackCOMRAM 000043
vfprintf@ap                    cstackBANK0  000064
vfprintf@cfmt                  cstackCOMRAM 000055
vfprintf@fmt                   cstackBANK0  000062
vfprintf@fp                    cstackBANK0  000060
whiteCal@i                     cstackCOMRAM 000016
whiteCal@v                     cstackCOMRAM 000012
wtemp8                         temp         00005C


MODULE INFORMATION

Module		Function		Class		Link	Load	Size
C:\Program Files\Microchip\xc8\v2.40\pic\sources\c99\common\sprcmul.c
		___flmul       		CODE           	1EE4	0000	1066

C:\Program Files\Microchip\xc8\v2.40\pic\sources\c99\common\sprcmul.c estimated size: 1066

C:\Program Files\Microchip\xc8\v2.40\pic\sources\c99\common\nf_fputc.c
		_fputc         		CODE           	3D16	0000	202

C:\Program Files\Microchip\xc8\v2.40\pic\sources\c99\common\nf_fputc.c estimated size: 202

C:\Program Files\Microchip\xc8\v2.40\pic\sources\c99\common\sprcdiv.c
		___fldiv       		CODE           	230E	0000	922

C:\Program Files\Microchip\xc8\v2.40\pic\sources\c99\common\sprcdiv.c estimated size: 922

C:\Program Files\Microchip\xc8\v2.40\pic\sources\c99\common\nf_sprintf.c
		_sprintf       		CODE           	41C0	0000	82

C:\Program Files\Microchip\xc8\v2.40\pic\sources\c99\common\nf_sprintf.c estimated size: 82

C:\Program Files\Microchip\xc8\v2.40\pic\sources\c99\common\lwdiv.c
		___lwdiv       		CODE           	409C	0000	116

C:\Program Files\Microchip\xc8\v2.40\pic\sources\c99\common\lwdiv.c estimated size: 116

MazeRobot.X/main.c
		_main          		CODE           	2926	0000	494

MazeRobot.X/main.c estimated size: 494

C:\Program Files\Microchip\xc8\v2.40\pic\sources\c99\common\Umul16.c
		___wmul        		CODE           	4612	0000	38

C:\Program Files\Microchip\xc8\v2.40\pic\sources\c99\common\Umul16.c estimated size: 38

MazeRobot.X/dc_motor.c
		_DCmotorsInit  		CODE           	3C44	0000	210
		_reverseSquareLeft		CODE           	3FA0	0000	130
		_turnLeft_90   		CODE           	3628	0000	318
		_stop          		CODE           	3DE0	0000	174
		_turnLeft_135  		CODE           	3766	0000	316
		_initDCmotorsPWM		CODE           	3E8E	0000	144
		_turnRight_90  		CODE           	34EA	0000	318
		_turnRight_135 		CODE           	33AC	0000	318
		_setMotorPWM   		CODE           	2E50	0000	364
		_reverseSquareRight		CODE           	3F1E	0000	130
		_reverse       		CODE           	3B6E	0000	214
		_turn_180      		CODE           	326E	0000	318

MazeRobot.X/dc_motor.c estimated size: 2954

MazeRobot.X/i2c.c
		_I2C_2_Master_Start		CODE           	46B8	0000	10
		_I2C_2_Master_Read		CODE           	442C	0000	66
		_I2C_2_Master_Idle		CODE           	45EA	0000	40
		_I2C_2_Master_Init		CODE           	456C	0000	42
		_I2C_2_Master_Stop		CODE           	46AE	0000	10
		_I2C_2_Master_RepStart		CODE           	46C2	0000	10
		_I2C_2_Master_Write		CODE           	46A2	0000	12

MazeRobot.X/i2c.c estimated size: 190

C:\Program Files\Microchip\xc8\v2.40\pic\sources\c99\common\abs.c
		_abs           		CODE           	446E	0000	64

C:\Program Files\Microchip\xc8\v2.40\pic\sources\c99\common\abs.c estimated size: 64

MazeRobot.X/color.c
		_color_writetoaddr		CODE           	4638	0000	32
		_colorDetect   		CODE           	0E1E	0000	3078
		_whiteCal      		CODE           	39A6	0000	228
		_color_click_init		CODE           	44AE	0000	52
		_color_read_Green		CODE           	42B2	0000	80
		_color_read_Clear		CODE           	4302	0000	80
		_color_read_Red		CODE           	4262	0000	80
		_getColor      		CODE           	4110	0000	94
		_ambientCal    		CODE           	3A8A	0000	228
		_color_read_Blue		CODE           	4352	0000	80

MazeRobot.X/color.c estimated size: 4032

C:\Program Files\Microchip\xc8\v2.40\pic\sources\c99\common\sprcadd.c
		___flsub       		CODE           	43A2	0000	70
		___fladd       		CODE           	1A24	0000	1216

C:\Program Files\Microchip\xc8\v2.40\pic\sources\c99\common\sprcadd.c estimated size: 1286

serialTest.c
		_putCharToRxBuf		CODE           	45C0	0000	42
		_putCharToTxBuf		CODE           	4596	0000	42
		_isDataInTxBuf 		CODE           	4672	0000	24
		_TxBufferedString		CODE           	44E2	0000	48
		_getCharFromTxBuf		CODE           	4540	0000	44
		_sendTxBuf     		CODE           	4658	0000	26
		_initUSART4    		CODE           	4512	0000	46
		_HighISR       		CODE           	0008	0000	110

serialTest.c estimated size: 382

C:\Program Files\Microchip\xc8\v2.40\pic\sources\c99\common\xxtofl.c
		___xxtofl      		CODE           	2B14	0000	436

C:\Program Files\Microchip\xc8\v2.40\pic\sources\c99\common\xxtofl.c estimated size: 436

C:\Program Files\Microchip\xc8\v2.40\pic\sources\c99\common\nf_fputs.c
		_fputs         		CODE           	43E8	0000	68

C:\Program Files\Microchip\xc8\v2.40\pic\sources\c99\common\nf_fputs.c estimated size: 68

C:\Program Files\Microchip\xc8\v2.40\pic\sources\c99\common\aomod.c
		___aomod       		CODE           	2FBC	0000	356

C:\Program Files\Microchip\xc8\v2.40\pic\sources\c99\common\aomod.c estimated size: 356

shared
		__initialization		CODE           	416E	0000	64
		i2_isDataInTxBuf		CODE           	468A	0000	24

shared estimated size: 88

C:\Program Files\Microchip\xc8\v2.40\pic\sources\c99\common\flge.c
		___flge        		CODE           	38A2	0000	260

C:\Program Files\Microchip\xc8\v2.40\pic\sources\c99\common\flge.c estimated size: 260

C:\Program Files\Microchip\xc8\v2.40\pic\sources\c99\common\putch.c
		_putch         		CODE           	46D0	0000	2

C:\Program Files\Microchip\xc8\v2.40\pic\sources\c99\common\putch.c estimated size: 2

C:\Program Files\Microchip\xc8\v2.40\pic\sources\c99\common\doprnt.c
		_vfpfcnvrt     		CODE           	3120	0000	334
		_pad           		CODE           	4022	0000	122
		_dtoa          		CODE           	26A8	0000	638
		_vfprintf      		CODE           	4212	0000	80

C:\Program Files\Microchip\xc8\v2.40\pic\sources\c99\common\doprnt.c estimated size: 1174

C:\Program Files\Microchip\xc8\v2.40\pic\sources\c99\common\aodiv.c
		___aodiv       		CODE           	2CC8	0000	392

C:\Program Files\Microchip\xc8\v2.40\pic\sources\c99\common\aodiv.c estimated size: 392

