Microchip MPLAB XC8 Compiler V2.40

Linker command line:

-W-3 \
  --edf=C:\Program Files\Microchip\xc8\v2.40\pic\dat\20220703182018_en.msgs \
  -cn \
  -h+dist/default/production\final-project-hudson-matthias.production.sym \
  --cmf=dist/default/production\final-project-hudson-matthias.production.cmf \
  -z -Q18F67K40 -oC:\Users\44795\AppData\Local\Temp\xcAs16p4.4 \
  --defsym=__MPLAB_BUILD=1 --fixupoverflow=error \
  -Mdist/default/production/final-project-hudson-matthias.production.map \
  --md=C:\Users\44795\AppData\Local\Temp\xcAs16p4.dat -E1 -ver=XC8 Compiler \
  --acfsm=1493 -ACODE=00h-01FFFFh -ACONST=00h-01FFFFh \
  -ASMALLCONST=0E00h-0EFFhx498 -AMEDIUMCONST=0E00h-0FFFFh,010E00h-01FFFFh \
  -ACOMRAM=01h-05Fh -AABS1=00h-0DE9h -ABIGRAM=01h-0DE9h \
  -ARAM=060h-0FFh,0100h-01FFhx12,0D00h-0DE9h -ABANK0=060h-0FFh \
  -ABANK1=0100h-01FFh -ABANK2=0200h-02FFh -ABANK3=0300h-03FFh \
  -ABANK4=0400h-04FFh -ABANK5=0500h-05FFh -ABANK6=0600h-06FFh \
  -ABANK7=0700h-07FFh -ABANK8=0800h-08FFh -ABANK9=0900h-09FFh \
  -ABANK10=0A00h-0AFFh -ABANK11=0B00h-0BFFh -ABANK12=0C00h-0CFFh \
  -ABANK13=0D00h-0DE9h \
  -ASFR=0DEFh-0DFFh,0E00h-0EFFh,0F00h-0F5Fh,0F60h-0FFFh \
  -ABIGSFR=0DEFh-0FFFh -ACONFIG=0300000h-030000Bh -AIDLOC=0200000h-020000Fh \
  -AEEDATA=0310000h-03103FFh -peeprom_data=EEDATA \
  -preset_vec=00h,intcode=08h,intcodelo,powerup,init -pramtop=0E00h \
  -psmallconst=SMALLCONST -pmediumconst=MEDIUMCONST -pconst=CONST \
  -AFARRAM=00h-00h \
  -prdata=COMRAM,nvrram=COMRAM,nvbit=COMRAM,rbss=COMRAM,rbit=COMRAM \
  -pfarbss=FARRAM,fardata=FARRAM,nvFARRAM=FARRAM \
  -pintsave_regs=BIGRAM,bigbss=BIGRAM,bigdata=BIGRAM -pbss=RAM \
  -pidata=CODE,irdata=CODE,ibigdata=CODE,ifardata=CODE -prparam=COMRAM \
  C:\Users\44795\AppData\Local\Temp\xcAs16p4.o \
  dist/default/production\final-project-hudson-matthias.production.o 

Object code version is 3.11

Machine type is 18F67K40



                Name                               Link     Load   Length Selector   Space Scale
C:\Users\44795\AppData\Local\Temp\xcAs16p4.o
                idloc                            200000   200000       10        0       5
                config                           300000   300000        C        0       4
                init                                 76       76        4        4       0
                reset_vec                             0        0        4        0       0
dist/default/production\final-project-hudson-matthias.production.o
                intcode                               8        8       6E        4       0
                idloc                            200000   200000       10        0       5
                config                           300000   300000        C        0       4
                temp                                 5B       5B        1        1       1
                smallconst                          E00      E00       2C      700       0
                text67                             593E     593E       2C      716       0
                text66                             59BE     59BE       2A      716       0
                text65                             5A88     5A88       18      716       0
                text63                             4E5C     4E5C       D2      716       0
                text62                             59E8     59E8       28      716       0
                text61                             57F2     57F2       42      716       0
                text60                             5AC0     5AC0        A      716       0
                text59                             5AB6     5AB6        A      716       0
                text58                             5AAC     5AAC        A      716       0
                text57                             5AA0     5AA0        C      716       0
                text56                             56D4     56D4       50      716       0
                text55                             5684     5684       50      716       0
                text54                             5634     5634       50      716       0
                text53                             55E4     55E4       50      716       0
                text52                             5438     5438       5E      716       0
                text51                             4BCC     4BCC       E4      716       0
                text50                             5994     5994       2A      716       0
                text49                             58E0     58E0       30      716       0
                text48                             3BA0     3BA0      1B4      716       0
                text47                             535E     535E       74      716       0
                text46                             5A10     5A10       26      716       0
                text45                             3EDC     3EDC      16C      716       0
                text44                             4D86     4D86       D6      716       0
                text43                             4FF8     4FF8       AE      716       0
                text42                             4566     4566      13E      716       0
                text41                             5262     5262       82      716       0
                text40                             4428     4428      13E      716       0
                text39                             51E0     51E0       82      716       0
                text38                             5A70     5A70       18      716       0
                text37                             5A56     5A56       1A      716       0
                text36                             3D54     3D54      188      716       0
                text35                             4048     4048      164      716       0
                text34                             5834     5834       40      716       0
                text33                             5ACE     5ACE        2      716       0
                text32                             4F2E     4F2E       CA      716       0
                text31                             57AE     57AE       44      716       0
                text30                             52E4     52E4       7A      716       0
                text29                             370C     370C      27E      716       0
                text28                             2D3A     2D3A      39A      716       0
                text27                             50A6     50A6       AA      716       0
                text26                             48E6     48E6      104      716       0
                text25                             2910     2910      42A      716       0
                text24                             5874     5874       38      716       0
                text23                             2450     2450      4C0      716       0
                text22                             5724     5724       46      716       0
                text21                             47E0     47E0      106      716       0
                text20                             49EA     49EA       FE      716       0
                text19                             398A     398A      216      716       0
                text18                             53D2     53D2       66      716       0
                text17                             5594     5594       50      716       0
                text16                             576A     576A       44      716       0
                text15                             1A56     1A56      9FA      716       0
                text14                             3406     3406      306      716       0
                text13                             54EC     54EC       56      716       0
                text12                             5542     5542       52      716       0
                text11                             46A4     46A4      13C      716       0
                text10                             42EA     42EA      13E      716       0
                text9                              41AC     41AC      13E      716       0
                text8                               E2C      E2C      C2A      716       0
                text7                              596A     596A       2A      716       0
                text6                              5A36     5A36       20      716       0
                text5                              58AC     58AC       34      716       0
                text4                              4CB0     4CB0       D6      716       0
                text3                              5150     5150       90      716       0
                text2                              5910     5910       2E      716       0
                text1                              4AE8     4AE8       E4      716       0
                text0                              30D4     30D4      332      716       0
                cstackCOMRAM                          1        1       56        1       1
                cstackBANK0                          60       60       8A       60       1
                cstackBANK1                         100      100       6D      100       1
                bssBANK2                            200      200       3C      200       1
                bssBANK1                            16D      16D       64      100       1
                dataBANK0                            FB       FB        4       60       1
                bssBANK0                             EA       EA       11       60       1
                bssCOMRAM                            57       57        4        1       1
                cinit                              5496     5496       56      716       0
                idataBANK0                         5ACA     5ACA        4      716       0

TOTAL           Name                               Link     Load   Length     Space
        CLASS   CODE           
                intcode                               8        8       6E         0
                init                                 76       76        4         0
                reset_vec                             0        0        4         0
                text67                             593E     593E       2C         0
                text66                             59BE     59BE       2A         0
                text65                             5A88     5A88       18         0
                text63                             4E5C     4E5C       D2         0
                text62                             59E8     59E8       28         0
                text61                             57F2     57F2       42         0
                text60                             5AC0     5AC0        A         0
                text59                             5AB6     5AB6        A         0
                text58                             5AAC     5AAC        A         0
                text57                             5AA0     5AA0        C         0
                text56                             56D4     56D4       50         0
                text55                             5684     5684       50         0
                text54                             5634     5634       50         0
                text53                             55E4     55E4       50         0
                text52                             5438     5438       5E         0
                text51                             4BCC     4BCC       E4         0
                text50                             5994     5994       2A         0
                text49                             58E0     58E0       30         0
                text48                             3BA0     3BA0      1B4         0
                text47                             535E     535E       74         0
                text46                             5A10     5A10       26         0
                text45                             3EDC     3EDC      16C         0
                text44                             4D86     4D86       D6         0
                text43                             4FF8     4FF8       AE         0
                text42                             4566     4566      13E         0
                text41                             5262     5262       82         0
                text40                             4428     4428      13E         0
                text39                             51E0     51E0       82         0
                text38                             5A70     5A70       18         0
                text37                             5A56     5A56       1A         0
                text36                             3D54     3D54      188         0
                text35                             4048     4048      164         0
                text34                             5834     5834       40         0
                text33                             5ACE     5ACE        2         0
                text32                             4F2E     4F2E       CA         0
                text31                             57AE     57AE       44         0
                text30                             52E4     52E4       7A         0
                text29                             370C     370C      27E         0
                text28                             2D3A     2D3A      39A         0
                text27                             50A6     50A6       AA         0
                text26                             48E6     48E6      104         0
                text25                             2910     2910      42A         0
                text24                             5874     5874       38         0
                text23                             2450     2450      4C0         0
                text22                             5724     5724       46         0
                text21                             47E0     47E0      106         0
                text20                             49EA     49EA       FE         0
                text19                             398A     398A      216         0
                text18                             53D2     53D2       66         0
                text17                             5594     5594       50         0
                text16                             576A     576A       44         0
                text15                             1A56     1A56      9FA         0
                text14                             3406     3406      306         0
                text13                             54EC     54EC       56         0
                text12                             5542     5542       52         0
                text11                             46A4     46A4      13C         0
                text10                             42EA     42EA      13E         0
                text9                              41AC     41AC      13E         0
                text8                               E2C      E2C      C2A         0
                text7                              596A     596A       2A         0
                text6                              5A36     5A36       20         0
                text5                              58AC     58AC       34         0
                text4                              4CB0     4CB0       D6         0
                text3                              5150     5150       90         0
                text2                              5910     5910       2E         0
                text1                              4AE8     4AE8       E4         0
                text0                              30D4     30D4      332         0
                cinit                              5496     5496       56         0
                idataBANK0                         5ACA     5ACA        4         0

        CLASS   CONST          

        CLASS   SMALLCONST     
                smallconst                          E00      E00       2C         0

        CLASS   MEDIUMCONST    

        CLASS   COMRAM         
                temp                                 5B       5B        1         1
                cstackCOMRAM                          1        1       56         1
                bssCOMRAM                            57       57        4         1

        CLASS   ABS1           

        CLASS   BIGRAM         

        CLASS   RAM            

        CLASS   BANK0          
                cstackBANK0                          60       60       8A         1
                dataBANK0                            FB       FB        4         1
                bssBANK0                             EA       EA       11         1

        CLASS   BANK1          
                cstackBANK1                         100      100       6D         1
                bssBANK1                            16D      16D       64         1

        CLASS   BANK2          
                bssBANK2                            200      200       3C         1

        CLASS   BANK3          

        CLASS   BANK4          

        CLASS   BANK5          

        CLASS   BANK6          

        CLASS   BANK7          

        CLASS   BANK8          

        CLASS   BANK9          

        CLASS   BANK10         

        CLASS   BANK11         

        CLASS   BANK12         

        CLASS   BANK13         

        CLASS   SFR            

        CLASS   BIGSFR         

        CLASS   CONFIG         
                config                           300000   300000        C         4

        CLASS   IDLOC          
                idloc                            200000   200000       10         5

        CLASS   EEDATA         

        CLASS   FARRAM         

        CLASS   HEAP           

        CLASS   STACK          



SEGMENTS        Name                           Load    Length   Top    Selector   Space  Class

                reset_vec                      000000  000004  000004         0       0  CODE    
                cstackCOMRAM                   000001  00005B  00005C         1       1  COMRAM  
                intcode                        000008  000072  00007A         4       0  CODE    
                cstackBANK0                    000060  00009F  0000FF        60       1  BANK0   
                cstackBANK1                    000100  0000D1  0001D1       100       1  BANK1   
                bssBANK2                       000200  00003C  00023C       200       1  BANK2   
                smallconst                     000E00  00002C  000E2C       700       0  SMALLCON
                text8                          000E2C  004CA4  005AD0       716       0  CODE    


UNUSED ADDRESS RANGES

        Name                Unused          Largest block    Delta
        BANK0            0000FF-0000FF                1
        BANK1            0001D1-0001FF               2F
        BANK10           000A00-000AFF              100
        BANK11           000B00-000BFF              100
        BANK12           000C00-000CFF              100
        BANK13           000D00-000DE9               EA
        BANK2            00023C-0002FF               C4
        BANK3            000300-0003FF              100
        BANK4            000400-0004FF              100
        BANK5            000500-0005FF              100
        BANK6            000600-0006FF              100
        BANK7            000700-0007FF              100
        BANK8            000800-0008FF              100
        BANK9            000900-0009FF              100
        BIGRAM           00005C-00005F                4
                         0000FF-0000FF                1
                         0001D1-0001FF               2F
                         00023C-000DE9              BAE
        BIGSFR           000DEF-000FFF              211
        CODE             000004-000007                4
                         00007A-000DFF              D86
                         005AD0-01FFFF            1A530
        COMRAM           00005C-00005F                4
        CONST            000004-000007                4
                         00007A-000DFF              D86
                         005AD0-01FFFF            1A530
        EEDATA           310000-3103FF              400
        MEDIUMCONST      005AD0-00FFFF             A530
                         010E00-01FFFF             F200
        RAM              0000FF-0000FF                1
                         0001D1-0001FF               2F
                         00023C-000DE9              100
        SFR              000DEF-000FFF              100
        SMALLCONST       005AD0-01FFFF              100

                                  Symbol Table

?___aodiv                      cstackCOMRAM 000005
?___aomod                      cstackCOMRAM 000005
?___fladd                      cstackCOMRAM 000005
?___fldiv                      cstackCOMRAM 000036
?___flmul                      cstackCOMRAM 00001D
?___flneg                      cstackCOMRAM 000005
?___flsub                      cstackCOMRAM 000015
?___fltol                      cstackCOMRAM 000005
?___fpclassifyf                cstackCOMRAM 000005
?___lwdiv                      cstackCOMRAM 00000B
?___wmul                       cstackCOMRAM 000005
?___xxtofl                     cstackCOMRAM 000005
?_abs                          cstackCOMRAM 000017
?_color_read_Blue              cstackCOMRAM 000009
?_color_read_Clear             cstackCOMRAM 000009
?_color_read_Green             cstackCOMRAM 000009
?_color_read_Red               cstackCOMRAM 000009
?_floorf                       cstackCOMRAM 00004F
?_labs                         cstackCOMRAM 000005
?_sprintf                      cstackBANK0  0000BC
?_vfprintf                     cstackBANK0  0000B4
DCmotorsInit@mL                cstackCOMRAM 000005
DCmotorsInit@mR                cstackCOMRAM 000007
I2C_2_Master_Read@ack          cstackCOMRAM 000007
I2C_2_Master_Read@tmp          cstackCOMRAM 000008
I2C_2_Master_Write@data_byte   cstackCOMRAM 000006
TxBufferedString@string        cstackCOMRAM 000006
_ANSELDbits                    (abs)        000EA7
_ANSELFbits                    (abs)        000EB4
_BAUD4CONbits                  (abs)        000EE9
_CCP1CONbits                   (abs)        000FAB
_CCP2CONbits                   (abs)        000FA7
_CCP3CONbits                   (abs)        000F26
_CCP4CONbits                   (abs)        000F22
_CCPR1H                        (abs)        000FAA
_CCPR2H                        (abs)        000FA6
_CCPR3H                        (abs)        000F25
_CCPR4H                        (abs)        000F21
_CCPTMRS0bits                  (abs)        000FAD
_DCmotorsInit                  text63       004E5C
_EUSART4RXbuf                  bssBANK1     00016D
_EUSART4TXbuf                  bssBANK2     000200
_HighISR                       intcode      000008
_I2C_2_Master_Idle             text62       0059E8
_I2C_2_Master_Init             text7        00596A
_I2C_2_Master_Read             text61       0057F2
_I2C_2_Master_RepStart         text60       005AC0
_I2C_2_Master_Start            text59       005AB6
_I2C_2_Master_Stop             text58       005AAC
_I2C_2_Master_Write            text57       005AA0
_INTCONbits                    (abs)        000FF2
_IPR4bits                      (abs)        000E23
_LATAbits                      (abs)        000F79
_LATCbits                      (abs)        000F7B
_LATDbits                      (abs)        000F7C
_LATEbits                      (abs)        000F7D
_LATFbits                      (abs)        000F7E
_LATGbits                      (abs)        000F7F
_LATHbits                      (abs)        000F80
_PIE4bits                      (abs)        000E2D
_PIR4bits                      (abs)        000E37
_PORTFbits                     (abs)        000F8E
_RC0PPS                        (abs)        000E62
_RC4REG                        (abs)        000EE3
_RC4STAbits                    (abs)        000EE7
_RC7PPS                        (abs)        000E69
_RD5PPS                        (abs)        000E6F
_RD6PPS                        (abs)        000E70
_RE2PPS                        (abs)        000E74
_RE4PPS                        (abs)        000E76
_RG6PPS                        (abs)        000E88
_RX4PPS                        (abs)        000E15
_RxBufReadCnt                  bssCOMRAM    000059
_RxBufWriteCnt                 bssCOMRAM    00005A
_SP4BRGH                       (abs)        000EE6
_SP4BRGL                       (abs)        000EE5
_SSP2ADD                       (abs)        000ED6
_SSP2BUF                       (abs)        000ED5
_SSP2CLKPPS                    (abs)        000E1C
_SSP2CON1bits                  (abs)        000ED9
_SSP2CON2                      (abs)        000EDA
_SSP2CON2bits                  (abs)        000EDA
_SSP2DATPPS                    (abs)        000E1D
_SSP2STAT                      (abs)        000ED8
_T0CON0bits                    (abs)        000FD5
_T0CON1bits                    (abs)        000FD6
_T2CLKCONbits                  (abs)        000FBF
_T2CONbits                     (abs)        000FBD
_T2HLTbits                     (abs)        000FBE
_T2PR                          (abs)        000FBC
_TMR0H                         (abs)        000FD4
_TMR0L                         (abs)        000FD3
_TRISAbits                     (abs)        000F81
_TRISCbits                     (abs)        000F83
_TRISDbits                     (abs)        000F84
_TRISEbits                     (abs)        000F85
_TRISFbits                     (abs)        000F86
_TRISGbits                     (abs)        000F87
_TRISHbits                     (abs)        000F88
_TX4REG                        (abs)        000EE4
_TX4STAbits                    (abs)        000EE8
_TxBufReadCnt                  bssCOMRAM    000057
_TxBufWriteCnt                 bssCOMRAM    000058
_TxBufferedString              text49       0058E0
__HRAM                         (abs)        000000
__Habs1                        abs1         000000
__Hbank0                       bank0        000000
__Hbank1                       bank1        000000
__Hbank10                      bank10       000000
__Hbank11                      bank11       000000
__Hbank12                      bank12       000000
__Hbank13                      bank13       000000
__Hbank2                       bank2        000000
__Hbank3                       bank3        000000
__Hbank4                       bank4        000000
__Hbank5                       bank5        000000
__Hbank6                       bank6        000000
__Hbank7                       bank7        000000
__Hbank8                       bank8        000000
__Hbank9                       bank9        000000
__Hbigbss                      bigbss       000000
__Hbigdata                     bigdata      000000
__Hbigram                      bigram       000000
__Hbigsfr                      bigsfr       000000
__Hbss                         bss          000000
__HbssBANK0                    bssBANK0     000000
__HbssBANK1                    bssBANK1     000000
__HbssBANK2                    bssBANK2     000000
__HbssCOMRAM                   bssCOMRAM    000000
__Hcinit                       cinit        000000
__Hclrtext                     clrtext      000000
__Hcomram                      comram       000000
__Hconfig                      config       30000C
__Hconst                       const        000000
__HcstackBANK0                 cstackBANK0  000000
__HcstackBANK1                 cstackBANK1  000000
__HcstackCOMRAM                cstackCOMRAM 000000
__Hdata                        data         000000
__HdataBANK0                   dataBANK0    000000
__Heeprom_data                 eeprom_data  000000
__Hfarbss                      farbss       000000
__Hfardata                     fardata      000000
__Hheap                        heap         000000
__Hibigdata                    ibigdata     000000
__Hidata                       idata        000000
__HidataBANK0                  idataBANK0   000000
__Hidloc                       idloc        200010
__Hifardata                    ifardata     000000
__Hinit                        init         00007A
__Hintcode                     intcode      000076
__Hintcode_body                intcode_body 000000
__Hintcodelo                   intcodelo    000076
__Hintentry                    intentry     000000
__Hintret                      intret       000000
__Hintsave_regs                intsave_regs 000000
__Hirdata                      irdata       000000
__Hmediumconst                 mediumconst  000000
__HnvFARRAM                    nvFARRAM     000000
__Hnvbit                       nvbit        000000
__Hnvrram                      nvrram       000000
__Hparam                       rparam       000000
__Hpowerup                     powerup      000076
__Hram                         ram          000000
__Hramtop                      ramtop       000E00
__Hrbit                        rbit         000000
__Hrbss                        rbss         000000
__Hrdata                       rdata        000000
__Hreset_vec                   reset_vec    000004
__Hrparam                      rparam       000000
__Hsfr                         sfr          000000
__Hsmallconst                  smallconst   000E2C
__Hspace_0                     (abs)        005AD0
__Hspace_1                     (abs)        00023C
__Hspace_2                     (abs)        000000
__Hspace_4                     (abs)        60000C
__Hstack                       stack        000000
__Hstruct                      struct       000000
__Htemp                        temp         00005C
__Htext                        text         000000
__Htext0                       text0        000000
__Htext1                       text1        000000
__Htext10                      text10       000000
__Htext11                      text11       000000
__Htext12                      text12       000000
__Htext13                      text13       000000
__Htext14                      text14       000000
__Htext15                      text15       000000
__Htext16                      text16       000000
__Htext17                      text17       000000
__Htext18                      text18       000000
__Htext19                      text19       000000
__Htext2                       text2        000000
__Htext20                      text20       000000
__Htext21                      text21       000000
__Htext22                      text22       000000
__Htext23                      text23       000000
__Htext24                      text24       000000
__Htext25                      text25       000000
__Htext26                      text26       000000
__Htext27                      text27       000000
__Htext28                      text28       000000
__Htext29                      text29       000000
__Htext3                       text3        000000
__Htext30                      text30       000000
__Htext31                      text31       000000
__Htext32                      text32       000000
__Htext33                      text33       000000
__Htext34                      text34       000000
__Htext35                      text35       000000
__Htext36                      text36       000000
__Htext37                      text37       000000
__Htext38                      text38       000000
__Htext39                      text39       000000
__Htext4                       text4        000000
__Htext40                      text40       000000
__Htext41                      text41       000000
__Htext42                      text42       000000
__Htext43                      text43       000000
__Htext44                      text44       000000
__Htext45                      text45       000000
__Htext46                      text46       000000
__Htext47                      text47       000000
__Htext48                      text48       000000
__Htext49                      text49       000000
__Htext5                       text5        000000
__Htext50                      text50       000000
__Htext51                      text51       000000
__Htext52                      text52       000000
__Htext53                      text53       000000
__Htext54                      text54       000000
__Htext55                      text55       000000
__Htext56                      text56       000000
__Htext57                      text57       000000
__Htext58                      text58       000000
__Htext59                      text59       000000
__Htext6                       text6        000000
__Htext60                      text60       000000
__Htext61                      text61       000000
__Htext62                      text62       000000
__Htext63                      text63       000000
__Htext65                      text65       000000
__Htext66                      text66       000000
__Htext67                      text67       000000
__Htext7                       text7        000000
__Htext8                       text8        000000
__Htext9                       text9        000000
__LRAM                         (abs)        000001
__Labs1                        abs1         000000
__Lbank0                       bank0        000000
__Lbank1                       bank1        000000
__Lbank10                      bank10       000000
__Lbank11                      bank11       000000
__Lbank12                      bank12       000000
__Lbank13                      bank13       000000
__Lbank2                       bank2        000000
__Lbank3                       bank3        000000
__Lbank4                       bank4        000000
__Lbank5                       bank5        000000
__Lbank6                       bank6        000000
__Lbank7                       bank7        000000
__Lbank8                       bank8        000000
__Lbank9                       bank9        000000
__Lbigbss                      bigbss       000000
__Lbigdata                     bigdata      000000
__Lbigram                      bigram       000000
__Lbigsfr                      bigsfr       000000
__Lbss                         bss          000000
__LbssBANK0                    bssBANK0     000000
__LbssBANK1                    bssBANK1     000000
__LbssBANK2                    bssBANK2     000000
__LbssCOMRAM                   bssCOMRAM    000000
__Lcinit                       cinit        000000
__Lclrtext                     clrtext      000000
__Lcomram                      comram       000000
__Lconfig                      config       000000
__Lconst                       const        000000
__LcstackBANK0                 cstackBANK0  000000
__LcstackBANK1                 cstackBANK1  000000
__LcstackCOMRAM                cstackCOMRAM 000000
__Ldata                        data         000000
__LdataBANK0                   dataBANK0    000000
__Leeprom_data                 eeprom_data  000000
__Lfarbss                      farbss       000000
__Lfardata                     fardata      000000
__Lheap                        heap         000000
__Libigdata                    ibigdata     000000
__Lidata                       idata        000000
__LidataBANK0                  idataBANK0   000000
__Lidloc                       idloc        000000
__Lifardata                    ifardata     000000
__Linit                        init         000076
__Lintcode                     intcode      000008
__Lintcode_body                intcode_body 000000
__Lintcodelo                   intcodelo    000076
__Lintentry                    intentry     000000
__Lintret                      intret       000000
__Lintsave_regs                intsave_regs 000000
__Lirdata                      irdata       000000
__Lmediumconst                 mediumconst  000000
__LnvFARRAM                    nvFARRAM     000000
__Lnvbit                       nvbit        000000
__Lnvrram                      nvrram       000000
__Lparam                       rparam       000000
__Lpowerup                     powerup      000076
__Lram                         ram          000000
__Lramtop                      ramtop       000E00
__Lrbit                        rbit         000000
__Lrbss                        rbss         000000
__Lrdata                       rdata        000000
__Lreset_vec                   reset_vec    000000
__Lrparam                      rparam       000000
__Lsfr                         sfr          000000
__Lsmallconst                  smallconst   000E00
__Lspace_0                     (abs)        000000
__Lspace_1                     (abs)        000000
__Lspace_2                     (abs)        000000
__Lspace_4                     (abs)        000000
__Lstack                       stack        000000
__Lstruct                      struct       000000
__Ltemp                        temp         00005B
__Ltext                        text         000000
__Ltext0                       text0        000000
__Ltext1                       text1        000000
__Ltext10                      text10       000000
__Ltext11                      text11       000000
__Ltext12                      text12       000000
__Ltext13                      text13       000000
__Ltext14                      text14       000000
__Ltext15                      text15       000000
__Ltext16                      text16       000000
__Ltext17                      text17       000000
__Ltext18                      text18       000000
__Ltext19                      text19       000000
__Ltext2                       text2        000000
__Ltext20                      text20       000000
__Ltext21                      text21       000000
__Ltext22                      text22       000000
__Ltext23                      text23       000000
__Ltext24                      text24       000000
__Ltext25                      text25       000000
__Ltext26                      text26       000000
__Ltext27                      text27       000000
__Ltext28                      text28       000000
__Ltext29                      text29       000000
__Ltext3                       text3        000000
__Ltext30                      text30       000000
__Ltext31                      text31       000000
__Ltext32                      text32       000000
__Ltext33                      text33       000000
__Ltext34                      text34       000000
__Ltext35                      text35       000000
__Ltext36                      text36       000000
__Ltext37                      text37       000000
__Ltext38                      text38       000000
__Ltext39                      text39       000000
__Ltext4                       text4        000000
__Ltext40                      text40       000000
__Ltext41                      text41       000000
__Ltext42                      text42       000000
__Ltext43                      text43       000000
__Ltext44                      text44       000000
__Ltext45                      text45       000000
__Ltext46                      text46       000000
__Ltext47                      text47       000000
__Ltext48                      text48       000000
__Ltext49                      text49       000000
__Ltext5                       text5        000000
__Ltext50                      text50       000000
__Ltext51                      text51       000000
__Ltext52                      text52       000000
__Ltext53                      text53       000000
__Ltext54                      text54       000000
__Ltext55                      text55       000000
__Ltext56                      text56       000000
__Ltext57                      text57       000000
__Ltext58                      text58       000000
__Ltext59                      text59       000000
__Ltext6                       text6        000000
__Ltext60                      text60       000000
__Ltext61                      text61       000000
__Ltext62                      text62       000000
__Ltext63                      text63       000000
__Ltext65                      text65       000000
__Ltext66                      text66       000000
__Ltext67                      text67       000000
__Ltext7                       text7        000000
__Ltext8                       text8        000000
__Ltext9                       text9        000000
__S0                           (abs)        005AD0
__S1                           (abs)        00023C
__S4                           (abs)        000000
__S5                           (abs)        000000
___aodiv                       text36       003D54
___aodiv@counter               cstackCOMRAM 000015
___aodiv@dividend              cstackCOMRAM 000005
___aodiv@divisor               cstackCOMRAM 00000D
___aodiv@quotient              cstackCOMRAM 000017
___aodiv@sign                  cstackCOMRAM 000016
___aomod                       text35       004048
___aomod@counter               cstackCOMRAM 000015
___aomod@dividend              cstackCOMRAM 000005
___aomod@divisor               cstackCOMRAM 00000D
___aomod@sign                  cstackCOMRAM 000016
___fladd                       text23       002450
___fladd@a                     cstackCOMRAM 000009
___fladd@aexp                  cstackCOMRAM 000012
___fladd@b                     cstackCOMRAM 000005
___fladd@bexp                  cstackCOMRAM 000013
___fladd@grs                   cstackCOMRAM 000014
___fladd@signs                 cstackCOMRAM 000011
___fldiv                       text28       002D3A
___fldiv@a                     cstackCOMRAM 00003A
___fldiv@aexp                  cstackCOMRAM 00004E
___fldiv@b                     cstackCOMRAM 000036
___fldiv@bexp                  cstackCOMRAM 00004D
___fldiv@grs                   cstackCOMRAM 000049
___fldiv@new_exp               cstackCOMRAM 000047
___fldiv@rem                   cstackCOMRAM 000042
___fldiv@sign                  cstackCOMRAM 000046
___fleq                        text27       0050A6
___fleq@ff1                    cstackCOMRAM 000005
___fleq@ff2                    cstackCOMRAM 000009
___flge                        text26       0048E6
___flge@ff1                    cstackCOMRAM 000036
___flge@ff2                    cstackCOMRAM 00003A
___flmul                       text25       002910
___flmul@a                     cstackCOMRAM 000021
___flmul@aexp                  cstackCOMRAM 00002E
___flmul@b                     cstackCOMRAM 00001D
___flmul@bexp                  cstackCOMRAM 00002F
___flmul@grs                   cstackCOMRAM 00002A
___flmul@prod                  cstackCOMRAM 000030
___flmul@sign                  cstackCOMRAM 000029
___flmul@temp                  cstackCOMRAM 000034
___flneg                       text24       005874
___flneg@f1                    cstackCOMRAM 000005
___flsub                       text22       005724
___flsub@a                     cstackCOMRAM 000019
___flsub@b                     cstackCOMRAM 000015
___fltol                       text21       0047E0
___fltol@exp1                  cstackCOMRAM 00000E
___fltol@f1                    cstackCOMRAM 000005
___fltol@sign1                 cstackCOMRAM 00000D
___fpclassifyf                 text20       0049EA
___fpclassifyf@F465            bssBANK0     0000EE
___fpclassifyf@e               cstackCOMRAM 00000D
___fpclassifyf@u               cstackCOMRAM 00000F
___fpclassifyf@x               cstackCOMRAM 000005
___heap_hi                     (abs)        000000
___heap_lo                     (abs)        000000
___inthi_sp                    stack        000000
___intlo_sp                    stack        000000
___lwdiv                       text47       00535E
___lwdiv@counter               cstackCOMRAM 000011
___lwdiv@dividend              cstackCOMRAM 00000B
___lwdiv@divisor               cstackCOMRAM 00000D
___lwdiv@quotient              cstackCOMRAM 00000F
___param_bank                  (abs)        000000
___rparam_used                 (abs)        000001
___sp                          stack        000000
___wmul                        text46       005A10
___wmul@multiplicand           cstackCOMRAM 000007
___wmul@multiplier             cstackCOMRAM 000005
___wmul@product                cstackCOMRAM 000009
___xxtofl                      text48       003BA0
___xxtofl@arg                  cstackCOMRAM 00000F
___xxtofl@exp                  cstackCOMRAM 00000E
___xxtofl@sign                 cstackCOMRAM 00000D
___xxtofl@val                  cstackCOMRAM 000005
__accesstop                    (abs)        000060
__activetblptr                 (abs)        000003
__end_of_DCmotorsInit          text63       004F2E
__end_of_HighISR               intcode      000076
__end_of_I2C_2_Master_Idle     text62       005A10
__end_of_I2C_2_Master_Init     text7        005994
__end_of_I2C_2_Master_Read     text61       005834
__end_of_I2C_2_Master_RepStart text60       005ACA
__end_of_I2C_2_Master_Start    text59       005AC0
__end_of_I2C_2_Master_Stop     text58       005AB6
__end_of_I2C_2_Master_Write    text57       005AAC
__end_of_TxBufferedString      text49       005910
__end_of___aodiv               text36       003EDC
__end_of___aomod               text35       0041AC
__end_of___fladd               text23       002910
__end_of___fldiv               text28       0030D4
__end_of___fleq                text27       005150
__end_of___flge                text26       0049EA
__end_of___flmul               text25       002D3A
__end_of___flneg               text24       0058AC
__end_of___flsub               text22       00576A
__end_of___fltol               text21       0048E6
__end_of___fpclassifyf         text20       004AE8
__end_of___lwdiv               text47       0053D2
__end_of___wmul                text46       005A36
__end_of___xxtofl              text48       003D54
__end_of__initialization       cinit        0054E2
__end_of_abs                   text34       005874
__end_of_ambientCal            text51       004CB0
__end_of_colorDetect           text8        001A56
__end_of_color_click_init      text5        0058E0
__end_of_color_read_Blue       text56       005724
__end_of_color_read_Clear      text55       0056D4
__end_of_color_read_Green      text54       005684
__end_of_color_read_Red        text53       005634
__end_of_color_writetoaddr     text6        005A56
__end_of_dtoa                  text29       00398A
__end_of_efgtoa                text15       002450
__end_of_floorf                text19       003BA0
__end_of_forward               text4        004D86
__end_of_fputc                 text32       004FF8
__end_of_fputs                 text31       0057F2
__end_of_getCharFromTxBuf      text67       00596A
__end_of_getColor              text52       005496
__end_of_initDCmotorsPWM       text3        0051E0
__end_of_initUSART4            text2        00593E
__end_of_isDataInTxBuf         text38       005A88
__end_of_labs                  text18       005438
__end_of_main                  text0        003406
__end_of_memcpy                text17       0055E4
__end_of_pad                   text30       00535E
__end_of_putCharToRxBuf        text66       0059E8
__end_of_putCharToTxBuf        text50       0059BE
__end_of_putch                 text33       005AD0
__end_of_reverse               text44       004E5C
__end_of_reverseSquareLeft     text41       0052E4
__end_of_reverseSquareRight    text39       005262
__end_of_sendTxBuf             text37       005A70
__end_of_setMotorPWM           text45       004048
__end_of_sprintf               text12       005594
__end_of_stop                  text43       0050A6
__end_of_strcpy                text16       0057AE
__end_of_turnLeft_135          text11       0047E0
__end_of_turnLeft_90           text42       0046A4
__end_of_turnRight_135         text10       004428
__end_of_turnRight_90          text40       004566
__end_of_turn_180              text9        0042EA
__end_of_vfpfcnvrt             text14       00370C
__end_of_vfprintf              text13       005542
__end_of_whiteCal              text1        004BCC
__end_ofi2_isDataInTxBuf       text65       005AA0
__initialization               cinit        005496
__mediumconst                  mediumconst  000000
__pbssBANK0                    bssBANK0     0000EA
__pbssBANK1                    bssBANK1     00016D
__pbssBANK2                    bssBANK2     000200
__pbssCOMRAM                   bssCOMRAM    000057
__pcinit                       cinit        005496
__pcstackBANK0                 cstackBANK0  000060
__pcstackBANK1                 cstackBANK1  000100
__pcstackCOMRAM                cstackCOMRAM 000001
__pdataBANK0                   dataBANK0    0000FB
__pidataBANK0                  idataBANK0   005ACA
__pintcode                     intcode      000008
__psmallconst                  smallconst   000E00
__ptext0                       text0        0030D4
__ptext1                       text1        004AE8
__ptext10                      text10       0042EA
__ptext11                      text11       0046A4
__ptext12                      text12       005542
__ptext13                      text13       0054EC
__ptext14                      text14       003406
__ptext15                      text15       001A56
__ptext16                      text16       00576A
__ptext17                      text17       005594
__ptext18                      text18       0053D2
__ptext19                      text19       00398A
__ptext2                       text2        005910
__ptext20                      text20       0049EA
__ptext21                      text21       0047E0
__ptext22                      text22       005724
__ptext23                      text23       002450
__ptext24                      text24       005874
__ptext25                      text25       002910
__ptext26                      text26       0048E6
__ptext27                      text27       0050A6
__ptext28                      text28       002D3A
__ptext29                      text29       00370C
__ptext3                       text3        005150
__ptext30                      text30       0052E4
__ptext31                      text31       0057AE
__ptext32                      text32       004F2E
__ptext33                      text33       005ACE
__ptext34                      text34       005834
__ptext35                      text35       004048
__ptext36                      text36       003D54
__ptext37                      text37       005A56
__ptext38                      text38       005A70
__ptext39                      text39       0051E0
__ptext4                       text4        004CB0
__ptext40                      text40       004428
__ptext41                      text41       005262
__ptext42                      text42       004566
__ptext43                      text43       004FF8
__ptext44                      text44       004D86
__ptext45                      text45       003EDC
__ptext46                      text46       005A10
__ptext47                      text47       00535E
__ptext48                      text48       003BA0
__ptext49                      text49       0058E0
__ptext5                       text5        0058AC
__ptext50                      text50       005994
__ptext51                      text51       004BCC
__ptext52                      text52       005438
__ptext53                      text53       0055E4
__ptext54                      text54       005634
__ptext55                      text55       005684
__ptext56                      text56       0056D4
__ptext57                      text57       005AA0
__ptext58                      text58       005AAC
__ptext59                      text59       005AB6
__ptext6                       text6        005A36
__ptext60                      text60       005AC0
__ptext61                      text61       0057F2
__ptext62                      text62       0059E8
__ptext63                      text63       004E5C
__ptext65                      text65       005A88
__ptext66                      text66       0059BE
__ptext67                      text67       00593E
__ptext7                       text7        00596A
__ptext8                       text8        000E2C
__ptext9                       text9        0041AC
__ramtop                       ramtop       000E00
__smallconst                   smallconst   000E00
_abs                           text34       005834
_ambientCal                    text51       004BCC
_colorDetect                   text8        000E2C
_color_click_init              text5        0058AC
_color_read_Blue               text56       0056D4
_color_read_Clear              text55       005684
_color_read_Green              text54       005634
_color_read_Red                text53       0055E4
_color_writetoaddr             text6        005A36
_dbuf                          bssBANK1     000181
_dtoa                          text29       00370C
_dtoa$2712                     cstackCOMRAM 000032
_efgtoa                        text15       001A56
_efgtoa$2743                   cstackBANK0  00007D
_flags                         bssBANK0     0000FA
_floorf                        text19       00398A
_forward                       text4        004CB0
_fputc                         text32       004F2E
_fputs                         text31       0057AE
_getCharFromTxBuf              text67       00593E
_getColor                      text52       005438
_initDCmotorsPWM               text3        005150
_initUSART4                    text2        005910
_isDataInTxBuf                 text38       005A70
_labs                          text18       0053D2
_main                          text0        0030D4
_memcpy                        text17       005594
_off_period                    bssBANK0     0000F6
_on_period                     bssBANK0     0000F8
_pad                           text30       0052E4
_prec                          bssBANK0     0000F4
_putCharToRxBuf                text66       0059BE
_putCharToTxBuf                text50       005994
_putch                         text33       005ACE
_reverse                       text44       004D86
_reverseSquareLeft             text41       005262
_reverseSquareRight            text39       0051E0
_reverse_time                  dataBANK0    0000FB
_sendTxBuf                     text37       005A56
_setMotorPWM                   text45       003EDC
_sprintf                       text12       005542
_stop                          text43       004FF8
_strcpy                        text16       00576A
_turnLeft_135                  text11       0046A4
_turnLeft_90                   text42       004566
_turnRight_135                 text10       0042EA
_turnRight_90                  text40       004428
_turn_180                      text9        0041AC
_turning_time45                dataBANK0    0000FD
_vfpfcnvrt                     text14       003406
_vfprintf                      text13       0054EC
_whiteCal                      text1        004AE8
_width                         bssBANK0     0000F2
abs@a                          cstackCOMRAM 000017
ambientCal@i                   cstackCOMRAM 000016
ambientCal@v                   cstackCOMRAM 000012
btemp                          temp         00005B
colorDetect@RGBVal             cstackBANK1  000126
colorDetect@ambientB           cstackBANK1  000124
colorDetect@ambientG           cstackBANK1  000122
colorDetect@ambientR           cstackBANK1  000120
colorDetect@ambientRGBVal      cstackBANK0  0000DD
colorDetect@bluePrint          cstackBANK1  000136
colorDetect@clearRef           cstackBANK0  0000D9
colorDetect@greenPrint         cstackBANK1  000132
colorDetect@mL                 cstackBANK0  0000E1
colorDetect@mR                 cstackBANK0  0000E3
colorDetect@redPrint           cstackBANK1  00012E
colorDetect@string1            cstackBANK1  000100
colorDetect@whiteB             cstackBANK1  00011C
colorDetect@whiteG             cstackBANK1  000118
colorDetect@whiteR             cstackBANK1  000114
colorDetect@whiteRGBVal        cstackBANK0  0000DF
color_read_Blue@tmp            cstackCOMRAM 00000E
color_read_Clear@tmp           cstackCOMRAM 00000E
color_read_Green@tmp           cstackCOMRAM 00000E
color_read_Red@tmp             cstackCOMRAM 00000E
color_writetoaddr@address      cstackCOMRAM 000008
color_writetoaddr@value        cstackCOMRAM 000007
dtoa@d                         cstackCOMRAM 000022
dtoa@fp                        cstackCOMRAM 000020
dtoa@i                         cstackCOMRAM 000040
dtoa@n                         cstackCOMRAM 000038
dtoa@p                         cstackCOMRAM 000034
dtoa@s                         cstackCOMRAM 000042
dtoa@w                         cstackCOMRAM 000036
efgtoa@c                       cstackBANK0  000076
efgtoa@d                       cstackBANK0  000082
efgtoa@e                       cstackBANK0  000086
efgtoa@f                       cstackBANK0  000072
efgtoa@fp                      cstackBANK0  000070
efgtoa@g                       cstackBANK0  000099
efgtoa@h                       cstackBANK0  000090
efgtoa@i                       cstackBANK0  00008E
efgtoa@l                       cstackBANK0  000094
efgtoa@m                       cstackBANK0  000084
efgtoa@mode                    cstackBANK0  000080
efgtoa@n                       cstackBANK0  00009D
efgtoa@ne                      cstackBANK0  000077
efgtoa@nmode                   cstackBANK0  000081
efgtoa@ou                      cstackBANK0  00008A
efgtoa@p                       cstackBANK0  000079
efgtoa@pp                      cstackBANK0  00007F
efgtoa@sign                    cstackBANK0  000098
efgtoa@t                       cstackBANK0  00007B
efgtoa@u                       cstackBANK0  00009F
efgtoa@w                       cstackBANK0  000088
end_of_initialization          cinit        0054E2
floorf@F526                    bssBANK0     0000EA
floorf@e                       cstackBANK0  00006A
floorf@m                       cstackBANK0  000066
floorf@u                       cstackBANK0  00006C
floorf@x                       cstackCOMRAM 00004F
forward@mL                     cstackCOMRAM 000018
forward@mR                     cstackCOMRAM 00001A
fputc@c                        cstackCOMRAM 000005
fputc@fp                       cstackCOMRAM 000007
fputs@c                        cstackCOMRAM 000012
fputs@fp                       cstackCOMRAM 000010
fputs@i                        cstackCOMRAM 000013
fputs@s                        cstackCOMRAM 00000E
getColor@v                     cstackCOMRAM 000010
i2_isDataInTxBuf               text65       005A88
initDCmotorsPWM@PWMperiod      cstackCOMRAM 000005
int$flags                      temp         00005B
intlevel0                      text         000000
intlevel1                      text         000000
intlevel2                      text         000000
intlevel3                      text         000000
isa$std                        (abs)        000001
isa$xinst                      (abs)        000000
labs@a                         cstackCOMRAM 000005
main@RGBVal                    cstackBANK1  000142
main@ambientRGBVal             cstackBANK1  00014B
main@carGo                     cstackBANK1  00014A
main@clearRef                  cstackBANK1  00013E
main@motorLeft                 cstackBANK1  000164
main@motorRight                cstackBANK1  00015B
main@whiteC                    cstackBANK1  00013A
main@whiteRGBVal               cstackBANK1  000153
memcpy@d                       cstackCOMRAM 00000B
memcpy@d1                      cstackCOMRAM 000005
memcpy@n                       cstackCOMRAM 000009
memcpy@s                       cstackCOMRAM 00000D
memcpy@s1                      cstackCOMRAM 000007
memcpy@tmp                     cstackCOMRAM 00000F
pad@buf                        cstackCOMRAM 000017
pad@fp                         cstackCOMRAM 000015
pad@i                          cstackCOMRAM 00001C
pad@p                          cstackCOMRAM 000019
pad@w                          cstackCOMRAM 00001E
putCharToRxBuf@byte            cstackCOMRAM 000001
putCharToTxBuf@byte            cstackCOMRAM 000005
reverse@mL                     cstackCOMRAM 000018
reverse@mR                     cstackCOMRAM 00001A
reverseSquareLeft@mL           cstackCOMRAM 000024
reverseSquareLeft@mR           cstackCOMRAM 000026
reverseSquareRight@mL          cstackCOMRAM 000024
reverseSquareRight@mR          cstackCOMRAM 000026
setMotorPWM@m                  cstackCOMRAM 000012
setMotorPWM@negDuty            cstackCOMRAM 000017
setMotorPWM@posDuty            cstackCOMRAM 000016
sprintf@ap                     cstackBANK0  0000CC
sprintf@f                      cstackBANK0  0000CE
sprintf@fmt                    cstackBANK0  0000BE
sprintf@s                      cstackBANK0  0000BC
stackhi                        (abs)        000000
stacklo                        (abs)        000000
start                          init         000076
start_initialization           cinit        005496
stop@mL                        cstackCOMRAM 000018
stop@mR                        cstackCOMRAM 00001A
strcpy@d                       cstackCOMRAM 00000B
strcpy@dest                    cstackCOMRAM 000005
strcpy@s                       cstackCOMRAM 000009
strcpy@src                     cstackCOMRAM 000007
ttemp5                         temp         00005C
ttemp6                         temp         00005F
ttemp7                         temp         000063
turnLeft_135@mL                cstackCOMRAM 00001E
turnLeft_135@mR                cstackCOMRAM 000020
turnLeft_90@mL                 cstackCOMRAM 00001E
turnLeft_90@mR                 cstackCOMRAM 000020
turnRight_135@mL               cstackCOMRAM 00001E
turnRight_135@mR               cstackCOMRAM 000020
turnRight_90@mL                cstackCOMRAM 00001E
turnRight_90@mR                cstackCOMRAM 000020
turn_180@mL                    cstackCOMRAM 00001E
turn_180@mR                    cstackCOMRAM 000020
vfpfcnvrt@ap                   cstackBANK0  0000A7
vfpfcnvrt@c                    cstackBANK0  0000B1
vfpfcnvrt@convarg              cstackBANK0  0000A9
vfpfcnvrt@cp                   cstackBANK0  0000B2
vfpfcnvrt@fmt                  cstackBANK0  0000A5
vfpfcnvrt@fp                   cstackBANK0  0000A3
vfprintf@ap                    cstackBANK0  0000B8
vfprintf@cfmt                  cstackBANK0  0000BA
vfprintf@fmt                   cstackBANK0  0000B6
vfprintf@fp                    cstackBANK0  0000B4
whiteCal@i                     cstackCOMRAM 000016
whiteCal@v                     cstackCOMRAM 000012
wtemp8                         temp         00005C


MODULE INFORMATION

Module		Function		Class		Link	Load	Size
C:\Program Files\Microchip\xc8\v2.40\pic\sources\c99\common\sprcmul.c
		___flmul       		CODE           	2910	0000	1066

C:\Program Files\Microchip\xc8\v2.40\pic\sources\c99\common\sprcmul.c estimated size: 1066

C:\Program Files\Microchip\xc8\v2.40\pic\sources\c99\common\nf_fputc.c
		_fputc         		CODE           	4F2E	0000	202

C:\Program Files\Microchip\xc8\v2.40\pic\sources\c99\common\nf_fputc.c estimated size: 202

C:\Program Files\Microchip\xc8\v2.40\pic\sources\c99\common\sprcdiv.c
		___fldiv       		CODE           	2D3A	0000	922

C:\Program Files\Microchip\xc8\v2.40\pic\sources\c99\common\sprcdiv.c estimated size: 922

C:\Program Files\Microchip\xc8\v2.40\pic\sources\c99\common\nf_sprintf.c
		_sprintf       		CODE           	5542	0000	82

C:\Program Files\Microchip\xc8\v2.40\pic\sources\c99\common\nf_sprintf.c estimated size: 82

C:\Program Files\Microchip\xc8\v2.40\pic\sources\c99\common\lwdiv.c
		___lwdiv       		CODE           	535E	0000	116

C:\Program Files\Microchip\xc8\v2.40\pic\sources\c99\common\lwdiv.c estimated size: 116

C:\Program Files\Microchip\xc8\v2.40\pic\sources\c99\common\memcpy.c
		_memcpy        		CODE           	5594	0000	80

C:\Program Files\Microchip\xc8\v2.40\pic\sources\c99\common\memcpy.c estimated size: 80

C:\Program Files\Microchip\xc8\v2.40\pic\sources\c99\common\fltol.c
		___fltol       		CODE           	47E0	0000	262

C:\Program Files\Microchip\xc8\v2.40\pic\sources\c99\common\fltol.c estimated size: 262

MazeRobot.X/main.c
		_main          		CODE           	30D4	0000	818

MazeRobot.X/main.c estimated size: 818

C:\Program Files\Microchip\xc8\v2.40\pic\sources\c99\common\Umul16.c
		___wmul        		CODE           	5A10	0000	38

C:\Program Files\Microchip\xc8\v2.40\pic\sources\c99\common\Umul16.c estimated size: 38

C:\Program Files\Microchip\xc8\v2.40\pic\sources\c99\common\fleq.c
		___fleq        		CODE           	50A6	0000	170

C:\Program Files\Microchip\xc8\v2.40\pic\sources\c99\common\fleq.c estimated size: 170

MazeRobot.X/dc_motor.c
		_DCmotorsInit  		CODE           	4E5C	0000	210
		_reverseSquareLeft		CODE           	5262	0000	130
		_turnLeft_90   		CODE           	4566	0000	318
		_stop          		CODE           	4FF8	0000	174
		_turnLeft_135  		CODE           	46A4	0000	316
		_initDCmotorsPWM		CODE           	5150	0000	144
		_turnRight_90  		CODE           	4428	0000	318
		_turnRight_135 		CODE           	42EA	0000	318
		_forward       		CODE           	4CB0	0000	214
		_setMotorPWM   		CODE           	3EDC	0000	364
		_reverseSquareRight		CODE           	51E0	0000	130
		_reverse       		CODE           	4D86	0000	214
		_turn_180      		CODE           	41AC	0000	318

MazeRobot.X/dc_motor.c estimated size: 3168

MazeRobot.X/i2c.c
		_I2C_2_Master_Start		CODE           	5AB6	0000	10
		_I2C_2_Master_Read		CODE           	57F2	0000	66
		_I2C_2_Master_Idle		CODE           	59E8	0000	40
		_I2C_2_Master_Init		CODE           	596A	0000	42
		_I2C_2_Master_Stop		CODE           	5AAC	0000	10
		_I2C_2_Master_RepStart		CODE           	5AC0	0000	10
		_I2C_2_Master_Write		CODE           	5AA0	0000	12

MazeRobot.X/i2c.c estimated size: 190

C:\Program Files\Microchip\xc8\v2.40\pic\sources\c99\common\abs.c
		_abs           		CODE           	5834	0000	64

C:\Program Files\Microchip\xc8\v2.40\pic\sources\c99\common\abs.c estimated size: 64

MazeRobot.X/color.c
		_color_writetoaddr		CODE           	5A36	0000	32
		_colorDetect   		CODE           	0E2C	0000	3114
		_whiteCal      		CODE           	4AE8	0000	228
		_color_click_init		CODE           	58AC	0000	52
		_color_read_Green		CODE           	5634	0000	80
		_color_read_Clear		CODE           	5684	0000	80
		_color_read_Red		CODE           	55E4	0000	80
		_getColor      		CODE           	5438	0000	94
		_ambientCal    		CODE           	4BCC	0000	228
		_color_read_Blue		CODE           	56D4	0000	80

MazeRobot.X/color.c estimated size: 4068

C:\Program Files\Microchip\xc8\v2.40\pic\sources\c99\common\__fpclassifyf.c
		___fpclassifyf 		CODE           	49EA	0000	254

C:\Program Files\Microchip\xc8\v2.40\pic\sources\c99\common\__fpclassifyf.c estimated size: 254

C:\Program Files\Microchip\xc8\v2.40\pic\sources\c99\common\sprcadd.c
		___flsub       		CODE           	5724	0000	70
		___fladd       		CODE           	2450	0000	1216

C:\Program Files\Microchip\xc8\v2.40\pic\sources\c99\common\sprcadd.c estimated size: 1286

C:\Program Files\Microchip\xc8\v2.40\pic\sources\c99\common\floorf.c
		_floorf        		CODE           	398A	0000	534

C:\Program Files\Microchip\xc8\v2.40\pic\sources\c99\common\floorf.c estimated size: 534

C:\Program Files\Microchip\xc8\v2.40\pic\sources\c99\common\flneg.c
		___flneg       		CODE           	5874	0000	56

C:\Program Files\Microchip\xc8\v2.40\pic\sources\c99\common\flneg.c estimated size: 56

C:\Program Files\Microchip\xc8\v2.40\pic\sources\c99\common\labs.c
		_labs          		CODE           	53D2	0000	102

C:\Program Files\Microchip\xc8\v2.40\pic\sources\c99\common\labs.c estimated size: 102

serialTest.c
		_putCharToRxBuf		CODE           	59BE	0000	42
		_putCharToTxBuf		CODE           	5994	0000	42
		_isDataInTxBuf 		CODE           	5A70	0000	24
		_TxBufferedString		CODE           	58E0	0000	48
		_getCharFromTxBuf		CODE           	593E	0000	44
		_sendTxBuf     		CODE           	5A56	0000	26
		_initUSART4    		CODE           	5910	0000	46
		_HighISR       		CODE           	0008	0000	110

serialTest.c estimated size: 382

C:\Program Files\Microchip\xc8\v2.40\pic\sources\c99\common\xxtofl.c
		___xxtofl      		CODE           	3BA0	0000	436

C:\Program Files\Microchip\xc8\v2.40\pic\sources\c99\common\xxtofl.c estimated size: 436

C:\Program Files\Microchip\xc8\v2.40\pic\sources\c99\common\nf_fputs.c
		_fputs         		CODE           	57AE	0000	68

C:\Program Files\Microchip\xc8\v2.40\pic\sources\c99\common\nf_fputs.c estimated size: 68

C:\Program Files\Microchip\xc8\v2.40\pic\sources\c99\common\aomod.c
		___aomod       		CODE           	4048	0000	356

C:\Program Files\Microchip\xc8\v2.40\pic\sources\c99\common\aomod.c estimated size: 356

shared
		__initialization		CODE           	5496	0000	76
		i2_isDataInTxBuf		CODE           	5A88	0000	24

shared estimated size: 100

C:\Program Files\Microchip\xc8\v2.40\pic\sources\c99\common\strcpy.c
		_strcpy        		CODE           	576A	0000	68

C:\Program Files\Microchip\xc8\v2.40\pic\sources\c99\common\strcpy.c estimated size: 68

C:\Program Files\Microchip\xc8\v2.40\pic\sources\c99\common\flge.c
		___flge        		CODE           	48E6	0000	260

C:\Program Files\Microchip\xc8\v2.40\pic\sources\c99\common\flge.c estimated size: 260

C:\Program Files\Microchip\xc8\v2.40\pic\sources\c99\common\putch.c
		_putch         		CODE           	5ACE	0000	2

C:\Program Files\Microchip\xc8\v2.40\pic\sources\c99\common\putch.c estimated size: 2

C:\Program Files\Microchip\xc8\v2.40\pic\sources\c99\common\doprnt.c
		_vfpfcnvrt     		CODE           	3406	0000	774
		_efgtoa        		CODE           	1A56	0000	2554
		_pad           		CODE           	52E4	0000	122
		_dtoa          		CODE           	370C	0000	638
		_vfprintf      		CODE           	54EC	0000	86

C:\Program Files\Microchip\xc8\v2.40\pic\sources\c99\common\doprnt.c estimated size: 4174

C:\Program Files\Microchip\xc8\v2.40\pic\sources\c99\common\aodiv.c
		___aodiv       		CODE           	3D54	0000	392

C:\Program Files\Microchip\xc8\v2.40\pic\sources\c99\common\aodiv.c estimated size: 392

