Microchip MPLAB XC8 Compiler V2.40

Linker command line:

-W-3 \
  --edf=C:\Program Files\Microchip\xc8\v2.40\pic\dat\20220703182018_en.msgs \
  -cn -h+dist/default/production\MazeRobot.X.production.sym \
  --cmf=dist/default/production\MazeRobot.X.production.cmf -z -Q18F67K40 \
  -oC:\Users\matja\AppData\Local\Temp\xcAshu4.4 --defsym=__MPLAB_BUILD=1 \
  --fixupoverflow=error \
  -Mdist/default/production/MazeRobot.X.production.map \
  --md=C:\Users\matja\AppData\Local\Temp\xcAshu4.dat -E1 -ver=XC8 Compiler \
  --acfsm=1493 -ACODE=00h-01FFFFh -ACONST=00h-01FFFFh \
  -ASMALLCONST=0E00h-0EFFhx498 -AMEDIUMCONST=0E00h-0FFFFh,010E00h-01FFFFh \
  -ACOMRAM=01h-05Fh -AABS1=00h-0DE9h -ABIGRAM=01h-0DE9h \
  -ARAM=060h-0FFh,0100h-01FFhx12,0D00h-0DE9h -ABANK0=060h-0FFh \
  -ABANK1=0100h-01FFh -ABANK2=0200h-02FFh -ABANK3=0300h-03FFh \
  -ABANK4=0400h-04FFh -ABANK5=0500h-05FFh -ABANK6=0600h-06FFh \
  -ABANK7=0700h-07FFh -ABANK8=0800h-08FFh -ABANK9=0900h-09FFh \
  -ABANK10=0A00h-0AFFh -ABANK11=0B00h-0BFFh -ABANK12=0C00h-0CFFh \
  -ABANK13=0D00h-0DE9h \
  -ASFR=0DEFh-0DFFh,0E00h-0EFFh,0F00h-0F5Fh,0F60h-0FFFh \
  -ABIGSFR=0DEFh-0FFFh -ACONFIG=0300000h-030000Bh -AIDLOC=0200000h-020000Fh \
  -AEEDATA=0310000h-03103FFh -peeprom_data=EEDATA \
  -preset_vec=00h,intcode=08h,intcodelo,powerup,init -pramtop=0E00h \
  -psmallconst=SMALLCONST -pmediumconst=MEDIUMCONST -pconst=CONST \
  -AFARRAM=00h-00h \
  -prdata=COMRAM,nvrram=COMRAM,nvbit=COMRAM,rbss=COMRAM,rbit=COMRAM \
  -pfarbss=FARRAM,fardata=FARRAM,nvFARRAM=FARRAM \
  -pintsave_regs=BIGRAM,bigbss=BIGRAM,bigdata=BIGRAM -pbss=RAM \
  -pidata=CODE,irdata=CODE,ibigdata=CODE,ifardata=CODE -prparam=COMRAM \
  C:\Users\matja\AppData\Local\Temp\xcAshu4.o \
  dist/default/production\MazeRobot.X.production.o 

Object code version is 3.11

Machine type is 18F67K40



                Name                               Link     Load   Length Selector   Space Scale
C:\Users\matja\AppData\Local\Temp\xcAshu4.o
                idloc                            200000   200000       10        0       5
                config                           300000   300000        C        0       4
                init                                 50       50        4        4       0
                reset_vec                             0        0        4        0       0
dist/default/production\MazeRobot.X.production.o
                intcode                               8        8       48        4       0
                idloc                            200000   200000       10        0       5
                config                           300000   300000        C        0       4
                temp                                 3E       3E        1        1       1
                text12                              812      812        A        4       0
                text10                              806      806        C        4       0
                text9                               7E6      7E6       20        4       0
                text8                               71A      71A       74        4       0
                text7                               7C0      7C0       26        4       0
                text6                                54       54      16C        4       0
                text5                               51E      51E       D6        4       0
                text4                               68A      68A       90        4       0
                text3                               448      448       D6        4       0
                text2                               5F4      5F4       96        4       0
                text1                               1C0      1C0      156        4       0
                text0                               316      316      132        4       0
                cstackCOMRAM                          1        1       35        1       1
                dataCOMRAM                           3A       3A        4        1       1
                bssCOMRAM                            36       36        4        1       1
                cinit                               78E      78E       32        4       0
                idataCOMRAM                         81C      81C        4        4       0

TOTAL           Name                               Link     Load   Length     Space
        CLASS   CODE           
                intcode                               8        8       48         0
                init                                 50       50        4         0
                reset_vec                             0        0        4         0
                text12                              812      812        A         0
                text10                              806      806        C         0
                text9                               7E6      7E6       20         0
                text8                               71A      71A       74         0
                text7                               7C0      7C0       26         0
                text6                                54       54      16C         0
                text5                               51E      51E       D6         0
                text4                               68A      68A       90         0
                text3                               448      448       D6         0
                text2                               5F4      5F4       96         0
                text1                               1C0      1C0      156         0
                text0                               316      316      132         0
                cinit                               78E      78E       32         0
                idataCOMRAM                         81C      81C        4         0

        CLASS   CONST          

        CLASS   SMALLCONST     

        CLASS   MEDIUMCONST    

        CLASS   COMRAM         
                temp                                 3E       3E        1         1
                cstackCOMRAM                          1        1       35         1
                dataCOMRAM                           3A       3A        4         1
                bssCOMRAM                            36       36        4         1

        CLASS   ABS1           

        CLASS   BIGRAM         

        CLASS   RAM            

        CLASS   BANK0          

        CLASS   BANK1          

        CLASS   BANK2          

        CLASS   BANK3          

        CLASS   BANK4          

        CLASS   BANK5          

        CLASS   BANK6          

        CLASS   BANK7          

        CLASS   BANK8          

        CLASS   BANK9          

        CLASS   BANK10         

        CLASS   BANK11         

        CLASS   BANK12         

        CLASS   BANK13         

        CLASS   SFR            

        CLASS   BIGSFR         

        CLASS   CONFIG         
                config                           300000   300000        C         4

        CLASS   IDLOC          
                idloc                            200000   200000       10         5

        CLASS   EEDATA         

        CLASS   FARRAM         

        CLASS   HEAP           

        CLASS   STACK          



SEGMENTS        Name                           Load    Length   Top    Selector   Space  Class

                reset_vec                      000000  000004  000004         0       0  CODE    
                cstackCOMRAM                   000001  00003E  00003F         1       1  COMRAM  
                intcode                        000008  000818  000820         4       0  CODE    


UNUSED ADDRESS RANGES

        Name                Unused          Largest block    Delta
        BANK0            000060-0000FF               A0
        BANK1            000100-0001FF              100
        BANK10           000A00-000AFF              100
        BANK11           000B00-000BFF              100
        BANK12           000C00-000CFF              100
        BANK13           000D00-000DE9               EA
        BANK2            000200-0002FF              100
        BANK3            000300-0003FF              100
        BANK4            000400-0004FF              100
        BANK5            000500-0005FF              100
        BANK6            000600-0006FF              100
        BANK7            000700-0007FF              100
        BANK8            000800-0008FF              100
        BANK9            000900-0009FF              100
        BIGRAM           00003F-000DE9              DAB
        BIGSFR           000DEF-000FFF              211
        CODE             000004-000007                4
                         000820-01FFFF            1F7E0
        COMRAM           00003F-00005F               21
        CONST            000004-000007                4
                         000820-01FFFF            1F7E0
        EEDATA           310000-3103FF              400
        MEDIUMCONST      000E00-00FFFF             F200
                         010E00-01FFFF             F200
        RAM              000060-000DE9              100
        SFR              000DEF-000FFF              100
        SMALLCONST       000E00-01FFFF              100

                                  Symbol Table

?___lwdiv                  cstackCOMRAM 000009
?___wmul                   cstackCOMRAM 000003
_ANSELDbits                (abs)        000EA7
_ANSELFbits                (abs)        000EB4
_CCP1CONbits               (abs)        000FAB
_CCP2CONbits               (abs)        000FA7
_CCP3CONbits               (abs)        000F26
_CCP4CONbits               (abs)        000F22
_CCPR1H                    (abs)        000FAA
_CCPR2H                    (abs)        000FA6
_CCPR3H                    (abs)        000F25
_CCPR4H                    (abs)        000F21
_CCPTMRS0bits              (abs)        000FAD
_HighISR                   intcode      000008
_INTCONbits                (abs)        000FF2
_Interrupts_init           text10       000806
_LATCbits                  (abs)        000F7B
_LATEbits                  (abs)        000F7D
_LATGbits                  (abs)        000F7F
_PIE0bits                  (abs)        000E29
_PIR0bits                  (abs)        000E33
_PORTFbits                 (abs)        000F8E
_RC7PPS                    (abs)        000E69
_RD5PPS                    (abs)        000E6F
_RD6PPS                    (abs)        000E70
_RE2PPS                    (abs)        000E74
_RE4PPS                    (abs)        000E76
_RG6PPS                    (abs)        000E88
_SSP2ADD                   (abs)        000ED6
_SSP2BUF                   (abs)        000ED5
_SSP2CLKPPS                (abs)        000E1C
_SSP2CON1bits              (abs)        000ED9
_SSP2CON2                  (abs)        000EDA
_SSP2CON2bits              (abs)        000EDA
_SSP2DATPPS                (abs)        000E1D
_SSP2STAT                  (abs)        000ED8
_T0CON0bits                (abs)        000FD5
_T0CON1bits                (abs)        000FD6
_T2CLKCONbits              (abs)        000FBF
_T2CONbits                 (abs)        000FBD
_T2HLTbits                 (abs)        000FBE
_T2PR                      (abs)        000FBC
_TMR0H                     (abs)        000FD4
_TMR0L                     (abs)        000FD3
_TRISCbits                 (abs)        000F83
_TRISDbits                 (abs)        000F84
_TRISEbits                 (abs)        000F85
_TRISFbits                 (abs)        000F86
_TRISGbits                 (abs)        000F87
_Timer0_init               text9        0007E6
__HRAM                     (abs)        000000
__Habs1                    abs1         000000
__Hbank0                   bank0        000000
__Hbank1                   bank1        000000
__Hbank10                  bank10       000000
__Hbank11                  bank11       000000
__Hbank12                  bank12       000000
__Hbank13                  bank13       000000
__Hbank2                   bank2        000000
__Hbank3                   bank3        000000
__Hbank4                   bank4        000000
__Hbank5                   bank5        000000
__Hbank6                   bank6        000000
__Hbank7                   bank7        000000
__Hbank8                   bank8        000000
__Hbank9                   bank9        000000
__Hbigbss                  bigbss       000000
__Hbigdata                 bigdata      000000
__Hbigram                  bigram       000000
__Hbigsfr                  bigsfr       000000
__Hbss                     bss          000000
__HbssCOMRAM               bssCOMRAM    000000
__Hcinit                   cinit        000000
__Hclrtext                 clrtext      000000
__Hcomram                  comram       000000
__Hconfig                  config       30000C
__Hconst                   const        000000
__HcstackCOMRAM            cstackCOMRAM 000000
__Hdata                    data         000000
__HdataCOMRAM              dataCOMRAM   000000
__Heeprom_data             eeprom_data  000000
__Hfarbss                  farbss       000000
__Hfardata                 fardata      000000
__Hheap                    heap         000000
__Hibigdata                ibigdata     000000
__Hidata                   idata        000000
__HidataCOMRAM             idataCOMRAM  000000
__Hidloc                   idloc        200010
__Hifardata                ifardata     000000
__Hinit                    init         000054
__Hintcode                 intcode      000050
__Hintcode_body            intcode_body 000000
__Hintcodelo               intcodelo    000050
__Hintentry                intentry     000000
__Hintret                  intret       000000
__Hintsave_regs            intsave_regs 000000
__Hirdata                  irdata       000000
__Hmediumconst             mediumconst  000000
__HnvFARRAM                nvFARRAM     000000
__Hnvbit                   nvbit        000000
__Hnvrram                  nvrram       000000
__Hparam                   rparam       000000
__Hpowerup                 powerup      000050
__Hram                     ram          000000
__Hramtop                  ramtop       000E00
__Hrbit                    rbit         000000
__Hrbss                    rbss         000000
__Hrdata                   rdata        000000
__Hreset_vec               reset_vec    000004
__Hrparam                  rparam       000000
__Hsfr                     sfr          000000
__Hsmallconst              smallconst   000000
__Hspace_0                 (abs)        000E00
__Hspace_1                 (abs)        00003F
__Hspace_2                 (abs)        000000
__Hspace_4                 (abs)        60000C
__Hstack                   stack        000000
__Hstruct                  struct       000000
__Htemp                    temp         00003F
__Htext                    text         000000
__Htext0                   text0        000000
__Htext1                   text1        000000
__Htext10                  text10       000000
__Htext12                  text12       000000
__Htext2                   text2        000000
__Htext3                   text3        000000
__Htext4                   text4        000000
__Htext5                   text5        000000
__Htext6                   text6        000000
__Htext7                   text7        000000
__Htext8                   text8        000000
__Htext9                   text9        000000
__LRAM                     (abs)        000001
__Labs1                    abs1         000000
__Lbank0                   bank0        000000
__Lbank1                   bank1        000000
__Lbank10                  bank10       000000
__Lbank11                  bank11       000000
__Lbank12                  bank12       000000
__Lbank13                  bank13       000000
__Lbank2                   bank2        000000
__Lbank3                   bank3        000000
__Lbank4                   bank4        000000
__Lbank5                   bank5        000000
__Lbank6                   bank6        000000
__Lbank7                   bank7        000000
__Lbank8                   bank8        000000
__Lbank9                   bank9        000000
__Lbigbss                  bigbss       000000
__Lbigdata                 bigdata      000000
__Lbigram                  bigram       000000
__Lbigsfr                  bigsfr       000000
__Lbss                     bss          000000
__LbssCOMRAM               bssCOMRAM    000000
__Lcinit                   cinit        000000
__Lclrtext                 clrtext      000000
__Lcomram                  comram       000000
__Lconfig                  config       000000
__Lconst                   const        000000
__LcstackCOMRAM            cstackCOMRAM 000000
__Ldata                    data         000000
__LdataCOMRAM              dataCOMRAM   000000
__Leeprom_data             eeprom_data  000000
__Lfarbss                  farbss       000000
__Lfardata                 fardata      000000
__Lheap                    heap         000000
__Libigdata                ibigdata     000000
__Lidata                   idata        000000
__LidataCOMRAM             idataCOMRAM  000000
__Lidloc                   idloc        000000
__Lifardata                ifardata     000000
__Linit                    init         000050
__Lintcode                 intcode      000008
__Lintcode_body            intcode_body 000000
__Lintcodelo               intcodelo    000050
__Lintentry                intentry     000000
__Lintret                  intret       000000
__Lintsave_regs            intsave_regs 000000
__Lirdata                  irdata       000000
__Lmediumconst             mediumconst  000000
__LnvFARRAM                nvFARRAM     000000
__Lnvbit                   nvbit        000000
__Lnvrram                  nvrram       000000
__Lparam                   rparam       000000
__Lpowerup                 powerup      000050
__Lram                     ram          000000
__Lramtop                  ramtop       000E00
__Lrbit                    rbit         000000
__Lrbss                    rbss         000000
__Lrdata                   rdata        000000
__Lreset_vec               reset_vec    000000
__Lrparam                  rparam       000000
__Lsfr                     sfr          000000
__Lsmallconst              smallconst   000000
__Lspace_0                 (abs)        000000
__Lspace_1                 (abs)        000000
__Lspace_2                 (abs)        000000
__Lspace_4                 (abs)        000000
__Lstack                   stack        000000
__Lstruct                  struct       000000
__Ltemp                    temp         00003E
__Ltext                    text         000000
__Ltext0                   text0        000000
__Ltext1                   text1        000000
__Ltext10                  text10       000000
__Ltext12                  text12       000000
__Ltext2                   text2        000000
__Ltext3                   text3        000000
__Ltext4                   text4        000000
__Ltext5                   text5        000000
__Ltext6                   text6        000000
__Ltext7                   text7        000000
__Ltext8                   text8        000000
__Ltext9                   text9        000000
__S0                       (abs)        000820
__S1                       (abs)        00003F
__S4                       (abs)        000000
__S5                       (abs)        000000
___heap_hi                 (abs)        000000
___heap_lo                 (abs)        000000
___inthi_sp                stack        000000
___intlo_sp                stack        000000
___lwdiv                   text8        00071A
___lwdiv@counter           cstackCOMRAM 00000F
___lwdiv@dividend          cstackCOMRAM 000009
___lwdiv@divisor           cstackCOMRAM 00000B
___lwdiv@quotient          cstackCOMRAM 00000D
___param_bank              (abs)        000000
___rparam_used             (abs)        000001
___sp                      stack        000000
___wmul                    text7        0007C0
___wmul@multiplicand       cstackCOMRAM 000005
___wmul@multiplier         cstackCOMRAM 000003
___wmul@product            cstackCOMRAM 000007
__accesstop                (abs)        000060
__activetblptr             (abs)        000000
__end_of_HighISR           intcode      000050
__end_of_Interrupts_init   text10       000812
__end_of_Timer0_init       text9        000806
__end_of___lwdiv           text8        00078E
__end_of___wmul            text7        0007E6
__end_of__initialization   cinit        0007B6
__end_of_forward           text5        0005F4
__end_of_initDCmotorsPWM   text4        00071A
__end_of_main              text0        000448
__end_of_reverse           text3        00051E
__end_of_setMotorPWM       text6        0001C0
__end_of_stop              text2        00068A
__end_of_turnLeft          text1        000316
__end_of_write16bitTMR0val text12       00081C
__initialization           cinit        00078E
__mediumconst              mediumconst  000000
__pbssCOMRAM               bssCOMRAM    000036
__pcinit                   cinit        00078E
__pcstackCOMRAM            cstackCOMRAM 000001
__pdataCOMRAM              dataCOMRAM   00003A
__pidataCOMRAM             idataCOMRAM  00081C
__pintcode                 intcode      000008
__ptext0                   text0        000316
__ptext1                   text1        0001C0
__ptext10                  text10       000806
__ptext12                  text12       000812
__ptext2                   text2        0005F4
__ptext3                   text3        000448
__ptext4                   text4        00068A
__ptext5                   text5        00051E
__ptext6                   text6        000054
__ptext7                   text7        0007C0
__ptext8                   text8        00071A
__ptext9                   text9        0007E6
__ramtop                   ramtop       000E00
__smallconst               smallconst   000000
_forward                   text5        00051E
_initDCmotorsPWM           text4        00068A
_main                      text0        000316
_off_period                bssCOMRAM    000036
_on_period                 bssCOMRAM    000038
_reverse                   text3        000448
_reverse_time              dataCOMRAM   00003A
_setMotorPWM               text6        000054
_stop                      text2        0005F4
_turnLeft                  text1        0001C0
_turning_time45            dataCOMRAM   00003C
_write16bitTMR0val         text12       000812
btemp                      temp         00003E
end_of_initialization      cinit        0007B6
forward@mL                 cstackCOMRAM 000016
forward@mR                 cstackCOMRAM 000018
initDCmotorsPWM@PWMperiod  cstackCOMRAM 000003
int$flags                  temp         00003E
intlevel0                  text         000000
intlevel1                  text         000000
intlevel2                  text         000000
intlevel3                  text         000000
isa$std                    (abs)        000001
isa$xinst                  (abs)        000000
main@count                 cstackCOMRAM 000023
main@motorLeft             cstackCOMRAM 00002D
main@motorRight            cstackCOMRAM 000024
reverse@mL                 cstackCOMRAM 000016
reverse@mR                 cstackCOMRAM 000018
setMotorPWM@m              cstackCOMRAM 000010
setMotorPWM@negDuty        cstackCOMRAM 000015
setMotorPWM@posDuty        cstackCOMRAM 000014
stackhi                    (abs)        000000
stacklo                    (abs)        000000
start                      init         000050
start_initialization       cinit        00078E
stop@mL                    cstackCOMRAM 000016
stop@mR                    cstackCOMRAM 000018
ttemp5                     temp         00003F
ttemp6                     temp         000042
ttemp7                     temp         000046
turnLeft@mL                cstackCOMRAM 00001B
turnLeft@mR                cstackCOMRAM 00001D
write16bitTMR0val@tmp      cstackCOMRAM 000001
wtemp8                     temp         00003F


MODULE INFORMATION

Module		Function		Class		Link	Load	Size
timers.c
		_Timer0_init   		CODE           	07E6	0000	32
		_write16bitTMR0val		CODE           	0812	0000	10

timers.c estimated size: 42

C:\Program Files\Microchip\xc8\v2.40\pic\sources\c99\common\lwdiv.c
		___lwdiv       		CODE           	071A	0000	116

C:\Program Files\Microchip\xc8\v2.40\pic\sources\c99\common\lwdiv.c estimated size: 116

C:\Program Files\Microchip\xc8\v2.40\pic\sources\c99\common\Umul16.c
		___wmul        		CODE           	07C0	0000	38

C:\Program Files\Microchip\xc8\v2.40\pic\sources\c99\common\Umul16.c estimated size: 38

dc_motor.c
		_turnLeft      		CODE           	01C0	0000	342
		_stop          		CODE           	05F4	0000	150
		_initDCmotorsPWM		CODE           	068A	0000	144
		_forward       		CODE           	051E	0000	214
		_setMotorPWM   		CODE           	0054	0000	364
		_reverse       		CODE           	0448	0000	214

dc_motor.c estimated size: 1428

interrupts.c
		_Interrupts_init		CODE           	0806	0000	12
		_HighISR       		CODE           	0008	0000	72

interrupts.c estimated size: 84

shared
		__initialization		CODE           	078E	0000	40

shared estimated size: 40

main.c
		_main          		CODE           	0316	0000	306

main.c estimated size: 306

