Microchip MPLAB XC8 Compiler V2.40

Linker command line:

-W-3 \
  --edf=C:\Program Files\Microchip\xc8\v2.40\pic\dat\20220703182018_en.msgs \
  -cn -h+dist/default/production\MazeRobot.X.production.sym \
  --cmf=dist/default/production\MazeRobot.X.production.cmf -z -Q18F67K40 \
  -oC:\Users\matja\AppData\Local\Temp\xcAs354.4 --defsym=__MPLAB_BUILD=1 \
  --fixupoverflow=error \
  -Mdist/default/production/MazeRobot.X.production.map \
  --md=C:\Users\matja\AppData\Local\Temp\xcAs354.dat -E1 -ver=XC8 Compiler \
  --acfsm=1493 -ACODE=00h-01FFFFh -ACONST=00h-01FFFFh \
  -ASMALLCONST=0E00h-0EFFhx498 -AMEDIUMCONST=0E00h-0FFFFh,010E00h-01FFFFh \
  -ACOMRAM=01h-05Fh -AABS1=00h-0DE9h -ABIGRAM=01h-0DE9h \
  -ARAM=060h-0FFh,0100h-01FFhx12,0D00h-0DE9h -ABANK0=060h-0FFh \
  -ABANK1=0100h-01FFh -ABANK2=0200h-02FFh -ABANK3=0300h-03FFh \
  -ABANK4=0400h-04FFh -ABANK5=0500h-05FFh -ABANK6=0600h-06FFh \
  -ABANK7=0700h-07FFh -ABANK8=0800h-08FFh -ABANK9=0900h-09FFh \
  -ABANK10=0A00h-0AFFh -ABANK11=0B00h-0BFFh -ABANK12=0C00h-0CFFh \
  -ABANK13=0D00h-0DE9h \
  -ASFR=0DEFh-0DFFh,0E00h-0EFFh,0F00h-0F5Fh,0F60h-0FFFh \
  -ABIGSFR=0DEFh-0FFFh -ACONFIG=0300000h-030000Bh -AIDLOC=0200000h-020000Fh \
  -AEEDATA=0310000h-03103FFh -peeprom_data=EEDATA \
  -preset_vec=00h,intcode=08h,intcodelo,powerup,init -pramtop=0E00h \
  -psmallconst=SMALLCONST -pmediumconst=MEDIUMCONST -pconst=CONST \
  -AFARRAM=00h-00h \
  -prdata=COMRAM,nvrram=COMRAM,nvbit=COMRAM,rbss=COMRAM,rbit=COMRAM \
  -pfarbss=FARRAM,fardata=FARRAM,nvFARRAM=FARRAM \
  -pintsave_regs=BIGRAM,bigbss=BIGRAM,bigdata=BIGRAM -pbss=RAM \
  -pidata=CODE,irdata=CODE,ibigdata=CODE,ifardata=CODE -prparam=COMRAM \
  C:\Users\matja\AppData\Local\Temp\xcAs354.o \
  dist/default/production\MazeRobot.X.production.o 

Object code version is 3.11

Machine type is 18F67K40



                Name                               Link     Load   Length Selector   Space Scale
C:\Users\matja\AppData\Local\Temp\xcAs354.o
                idloc                            200000   200000       10        0       5
                config                           300000   300000        C        0       4
                init                                 68       68        4        4       0
                reset_vec                             0        0        4        0       0
dist/default/production\MazeRobot.X.production.o
                intcode                               8        8       60        4       0
                idloc                            200000   200000       10        0       5
                config                           300000   300000        C        0       4
                temp                                 4C       4C        1        1       1
                smallconst                          E00      E00       10      700       0
                text21                             15D4     15D4       2C      708       0
                text20                             16E2     16E2       18      708       0
                text19                             162A     162A       2A      708       0
                text17                             1190     1190       D2      708       0
                text16                             1600     1600       2A      708       0
                text15                             1654     1654       28      708       0
                text14                             1710     1710        A      708       0
                text13                             1706     1706        A      708       0
                text12                             16FA     16FA        C      708       0
                text11                             16C2     16C2       20      708       0
                text10                             15A0     15A0       34      708       0
                text9                              1452     1452       90      708       0
                text8                              16A2     16A2       20      708       0
                text7                              14E2     14E2       74      708       0
                text6                              167C     167C       26      708       0
                text5                               E10      E10      16C      708       0
                text4                              10BA     10BA       D6      708       0
                text3                              1262     1262       AE      708       0
                text2                               F7C      F7C      13E      708       0
                text1                              13BC     13BC       96      708       0
                text0                              1310     1310       AC      708       0
                cstackCOMRAM                          1        1       2B        1       1
                cstackBANK0                          9C       9C       12       60       1
                bssBANK0                             60       60       3C       60       1
                dataCOMRAM                           48       48        4        1       1
                bssCOMRAM                            2C       2C       1C        1       1
                cinit                              1556     1556       4A      708       0
                idataCOMRAM                        171A     171A        4      708       0

TOTAL           Name                               Link     Load   Length     Space
        CLASS   CODE           
                intcode                               8        8       60         0
                init                                 68       68        4         0
                reset_vec                             0        0        4         0
                text21                             15D4     15D4       2C         0
                text20                             16E2     16E2       18         0
                text19                             162A     162A       2A         0
                text17                             1190     1190       D2         0
                text16                             1600     1600       2A         0
                text15                             1654     1654       28         0
                text14                             1710     1710        A         0
                text13                             1706     1706        A         0
                text12                             16FA     16FA        C         0
                text11                             16C2     16C2       20         0
                text10                             15A0     15A0       34         0
                text9                              1452     1452       90         0
                text8                              16A2     16A2       20         0
                text7                              14E2     14E2       74         0
                text6                              167C     167C       26         0
                text5                               E10      E10      16C         0
                text4                              10BA     10BA       D6         0
                text3                              1262     1262       AE         0
                text2                               F7C      F7C      13E         0
                text1                              13BC     13BC       96         0
                text0                              1310     1310       AC         0
                cinit                              1556     1556       4A         0
                idataCOMRAM                        171A     171A        4         0

        CLASS   CONST          

        CLASS   SMALLCONST     
                smallconst                          E00      E00       10         0

        CLASS   MEDIUMCONST    

        CLASS   COMRAM         
                temp                                 4C       4C        1         1
                cstackCOMRAM                          1        1       2B         1
                dataCOMRAM                           48       48        4         1
                bssCOMRAM                            2C       2C       1C         1

        CLASS   ABS1           

        CLASS   BIGRAM         

        CLASS   RAM            

        CLASS   BANK0          
                cstackBANK0                          9C       9C       12         1
                bssBANK0                             60       60       3C         1

        CLASS   BANK1          

        CLASS   BANK2          

        CLASS   BANK3          

        CLASS   BANK4          

        CLASS   BANK5          

        CLASS   BANK6          

        CLASS   BANK7          

        CLASS   BANK8          

        CLASS   BANK9          

        CLASS   BANK10         

        CLASS   BANK11         

        CLASS   BANK12         

        CLASS   BANK13         

        CLASS   SFR            

        CLASS   BIGSFR         

        CLASS   CONFIG         
                config                           300000   300000        C         4

        CLASS   IDLOC          
                idloc                            200000   200000       10         5

        CLASS   EEDATA         

        CLASS   FARRAM         

        CLASS   HEAP           

        CLASS   STACK          



SEGMENTS        Name                           Load    Length   Top    Selector   Space  Class

                reset_vec                      000000  000004  000004         0       0  CODE    
                cstackCOMRAM                   000001  00004C  00004D         1       1  COMRAM  
                intcode                        000008  000064  00006C         4       0  CODE    
                bssBANK0                       000060  00004E  0000AE        60       1  BANK0   
                smallconst                     000E00  000010  000E10       700       0  SMALLCON
                text5                          000E10  00090E  00171E       708       0  CODE    


UNUSED ADDRESS RANGES

        Name                Unused          Largest block    Delta
        BANK0            0000AE-0000FF               52
        BANK1            000100-0001FF              100
        BANK10           000A00-000AFF              100
        BANK11           000B00-000BFF              100
        BANK12           000C00-000CFF              100
        BANK13           000D00-000DE9               EA
        BANK2            000200-0002FF              100
        BANK3            000300-0003FF              100
        BANK4            000400-0004FF              100
        BANK5            000500-0005FF              100
        BANK6            000600-0006FF              100
        BANK7            000700-0007FF              100
        BANK8            000800-0008FF              100
        BANK9            000900-0009FF              100
        BIGRAM           00004D-00005F               13
                         0000AE-000DE9              D3C
        BIGSFR           000DEF-000FFF              211
        CODE             000004-000007                4
                         00006C-000DFF              D94
                         00171E-01FFFF            1E8E2
        COMRAM           00004D-00005F               13
        CONST            000004-000007                4
                         00006C-000DFF              D94
                         00171E-01FFFF            1E8E2
        EEDATA           310000-3103FF              400
        MEDIUMCONST      00171E-00FFFF             E8E2
                         010E00-01FFFF             F200
        RAM              0000AE-000DE9              100
        SFR              000DEF-000FFF              100
        SMALLCONST       00171E-01FFFF              100

                                  Symbol Table

?___lwdiv                    cstackCOMRAM 00000B
?___wmul                     cstackCOMRAM 000005
DCmotorsInit@mL              cstackCOMRAM 000005
DCmotorsInit@mR              cstackCOMRAM 000007
I2C_2_Master_Write@data_byte cstackCOMRAM 000006
_ANSELDbits                  (abs)        000EA7
_ANSELFbits                  (abs)        000EB4
_BAUD4CONbits                (abs)        000EE9
_CCP1CONbits                 (abs)        000FAB
_CCP2CONbits                 (abs)        000FA7
_CCP3CONbits                 (abs)        000F26
_CCP4CONbits                 (abs)        000F22
_CCPR1H                      (abs)        000FAA
_CCPR2H                      (abs)        000FA6
_CCPR3H                      (abs)        000F25
_CCPR4H                      (abs)        000F21
_CCPTMRS0bits                (abs)        000FAD
_DCmotorsInit                text17       001190
_EUSART4RXbuf                bssCOMRAM    00002C
_EUSART4TXbuf                bssBANK0     000060
_HighISR                     intcode      000008
_I2C_2_Master_Idle           text15       001654
_I2C_2_Master_Init           text16       001600
_I2C_2_Master_Start          text14       001710
_I2C_2_Master_Stop           text13       001706
_I2C_2_Master_Write          text12       0016FA
_INTCONbits                  (abs)        000FF2
_IPR4bits                    (abs)        000E23
_LATAbits                    (abs)        000F79
_LATCbits                    (abs)        000F7B
_LATDbits                    (abs)        000F7C
_LATEbits                    (abs)        000F7D
_LATFbits                    (abs)        000F7E
_LATGbits                    (abs)        000F7F
_LATHbits                    (abs)        000F80
_PIE4bits                    (abs)        000E2D
_PIR4bits                    (abs)        000E37
_PORTFbits                   (abs)        000F8E
_RC0PPS                      (abs)        000E62
_RC4REG                      (abs)        000EE3
_RC4STAbits                  (abs)        000EE7
_RC7PPS                      (abs)        000E69
_RD5PPS                      (abs)        000E6F
_RD6PPS                      (abs)        000E70
_RE2PPS                      (abs)        000E74
_RE4PPS                      (abs)        000E76
_RG6PPS                      (abs)        000E88
_RX4PPS                      (abs)        000E15
_RxBufReadCnt                bssCOMRAM    000046
_RxBufWriteCnt               bssCOMRAM    000047
_SP4BRGH                     (abs)        000EE6
_SP4BRGL                     (abs)        000EE5
_SSP2ADD                     (abs)        000ED6
_SSP2BUF                     (abs)        000ED5
_SSP2CLKPPS                  (abs)        000E1C
_SSP2CON1bits                (abs)        000ED9
_SSP2CON2                    (abs)        000EDA
_SSP2CON2bits                (abs)        000EDA
_SSP2DATPPS                  (abs)        000E1D
_SSP2STAT                    (abs)        000ED8
_T0CON0bits                  (abs)        000FD5
_T0CON1bits                  (abs)        000FD6
_T2CLKCONbits                (abs)        000FBF
_T2CONbits                   (abs)        000FBD
_T2HLTbits                   (abs)        000FBE
_T2PR                        (abs)        000FBC
_TMR0H                       (abs)        000FD4
_TMR0L                       (abs)        000FD3
_TRISAbits                   (abs)        000F81
_TRISCbits                   (abs)        000F83
_TRISDbits                   (abs)        000F84
_TRISEbits                   (abs)        000F85
_TRISFbits                   (abs)        000F86
_TRISGbits                   (abs)        000F87
_TRISHbits                   (abs)        000F88
_TX4REG                      (abs)        000EE4
_TX4STAbits                  (abs)        000EE8
_TxBufReadCnt                bssCOMRAM    000044
_TxBufWriteCnt               bssCOMRAM    000045
__HRAM                       (abs)        000000
__Habs1                      abs1         000000
__Hbank0                     bank0        000000
__Hbank1                     bank1        000000
__Hbank10                    bank10       000000
__Hbank11                    bank11       000000
__Hbank12                    bank12       000000
__Hbank13                    bank13       000000
__Hbank2                     bank2        000000
__Hbank3                     bank3        000000
__Hbank4                     bank4        000000
__Hbank5                     bank5        000000
__Hbank6                     bank6        000000
__Hbank7                     bank7        000000
__Hbank8                     bank8        000000
__Hbank9                     bank9        000000
__Hbigbss                    bigbss       000000
__Hbigdata                   bigdata      000000
__Hbigram                    bigram       000000
__Hbigsfr                    bigsfr       000000
__Hbss                       bss          000000
__HbssBANK0                  bssBANK0     000000
__HbssCOMRAM                 bssCOMRAM    000000
__Hcinit                     cinit        000000
__Hclrtext                   clrtext      000000
__Hcomram                    comram       000000
__Hconfig                    config       30000C
__Hconst                     const        000000
__HcstackBANK0               cstackBANK0  000000
__HcstackCOMRAM              cstackCOMRAM 000000
__Hdata                      data         000000
__HdataCOMRAM                dataCOMRAM   000000
__Heeprom_data               eeprom_data  000000
__Hfarbss                    farbss       000000
__Hfardata                   fardata      000000
__Hheap                      heap         000000
__Hibigdata                  ibigdata     000000
__Hidata                     idata        000000
__HidataCOMRAM               idataCOMRAM  000000
__Hidloc                     idloc        200010
__Hifardata                  ifardata     000000
__Hinit                      init         00006C
__Hintcode                   intcode      000068
__Hintcode_body              intcode_body 000000
__Hintcodelo                 intcodelo    000068
__Hintentry                  intentry     000000
__Hintret                    intret       000000
__Hintsave_regs              intsave_regs 000000
__Hirdata                    irdata       000000
__Hmediumconst               mediumconst  000000
__HnvFARRAM                  nvFARRAM     000000
__Hnvbit                     nvbit        000000
__Hnvrram                    nvrram       000000
__Hparam                     rparam       000000
__Hpowerup                   powerup      000068
__Hram                       ram          000000
__Hramtop                    ramtop       000E00
__Hrbit                      rbit         000000
__Hrbss                      rbss         000000
__Hrdata                     rdata        000000
__Hreset_vec                 reset_vec    000004
__Hrparam                    rparam       000000
__Hsfr                       sfr          000000
__Hsmallconst                smallconst   000E10
__Hspace_0                   (abs)        00171E
__Hspace_1                   (abs)        0000AE
__Hspace_2                   (abs)        000000
__Hspace_4                   (abs)        60000C
__Hstack                     stack        000000
__Hstruct                    struct       000000
__Htemp                      temp         00004D
__Htext                      text         000000
__Htext0                     text0        000000
__Htext1                     text1        000000
__Htext10                    text10       000000
__Htext11                    text11       000000
__Htext12                    text12       000000
__Htext13                    text13       000000
__Htext14                    text14       000000
__Htext15                    text15       000000
__Htext16                    text16       000000
__Htext17                    text17       000000
__Htext19                    text19       000000
__Htext2                     text2        000000
__Htext20                    text20       000000
__Htext21                    text21       000000
__Htext3                     text3        000000
__Htext4                     text4        000000
__Htext5                     text5        000000
__Htext6                     text6        000000
__Htext7                     text7        000000
__Htext8                     text8        000000
__Htext9                     text9        000000
__LRAM                       (abs)        000001
__Labs1                      abs1         000000
__Lbank0                     bank0        000000
__Lbank1                     bank1        000000
__Lbank10                    bank10       000000
__Lbank11                    bank11       000000
__Lbank12                    bank12       000000
__Lbank13                    bank13       000000
__Lbank2                     bank2        000000
__Lbank3                     bank3        000000
__Lbank4                     bank4        000000
__Lbank5                     bank5        000000
__Lbank6                     bank6        000000
__Lbank7                     bank7        000000
__Lbank8                     bank8        000000
__Lbank9                     bank9        000000
__Lbigbss                    bigbss       000000
__Lbigdata                   bigdata      000000
__Lbigram                    bigram       000000
__Lbigsfr                    bigsfr       000000
__Lbss                       bss          000000
__LbssBANK0                  bssBANK0     000000
__LbssCOMRAM                 bssCOMRAM    000000
__Lcinit                     cinit        000000
__Lclrtext                   clrtext      000000
__Lcomram                    comram       000000
__Lconfig                    config       000000
__Lconst                     const        000000
__LcstackBANK0               cstackBANK0  000000
__LcstackCOMRAM              cstackCOMRAM 000000
__Ldata                      data         000000
__LdataCOMRAM                dataCOMRAM   000000
__Leeprom_data               eeprom_data  000000
__Lfarbss                    farbss       000000
__Lfardata                   fardata      000000
__Lheap                      heap         000000
__Libigdata                  ibigdata     000000
__Lidata                     idata        000000
__LidataCOMRAM               idataCOMRAM  000000
__Lidloc                     idloc        000000
__Lifardata                  ifardata     000000
__Linit                      init         000068
__Lintcode                   intcode      000008
__Lintcode_body              intcode_body 000000
__Lintcodelo                 intcodelo    000068
__Lintentry                  intentry     000000
__Lintret                    intret       000000
__Lintsave_regs              intsave_regs 000000
__Lirdata                    irdata       000000
__Lmediumconst               mediumconst  000000
__LnvFARRAM                  nvFARRAM     000000
__Lnvbit                     nvbit        000000
__Lnvrram                    nvrram       000000
__Lparam                     rparam       000000
__Lpowerup                   powerup      000068
__Lram                       ram          000000
__Lramtop                    ramtop       000E00
__Lrbit                      rbit         000000
__Lrbss                      rbss         000000
__Lrdata                     rdata        000000
__Lreset_vec                 reset_vec    000000
__Lrparam                    rparam       000000
__Lsfr                       sfr          000000
__Lsmallconst                smallconst   000E00
__Lspace_0                   (abs)        000000
__Lspace_1                   (abs)        000000
__Lspace_2                   (abs)        000000
__Lspace_4                   (abs)        000000
__Lstack                     stack        000000
__Lstruct                    struct       000000
__Ltemp                      temp         00004C
__Ltext                      text         000000
__Ltext0                     text0        000000
__Ltext1                     text1        000000
__Ltext10                    text10       000000
__Ltext11                    text11       000000
__Ltext12                    text12       000000
__Ltext13                    text13       000000
__Ltext14                    text14       000000
__Ltext15                    text15       000000
__Ltext16                    text16       000000
__Ltext17                    text17       000000
__Ltext19                    text19       000000
__Ltext2                     text2        000000
__Ltext20                    text20       000000
__Ltext21                    text21       000000
__Ltext3                     text3        000000
__Ltext4                     text4        000000
__Ltext5                     text5        000000
__Ltext6                     text6        000000
__Ltext7                     text7        000000
__Ltext8                     text8        000000
__Ltext9                     text9        000000
__S0                         (abs)        00171E
__S1                         (abs)        0000AE
__S4                         (abs)        000000
__S5                         (abs)        000000
___heap_hi                   (abs)        000000
___heap_lo                   (abs)        000000
___inthi_sp                  stack        000000
___intlo_sp                  stack        000000
___lwdiv                     text7        0014E2
___lwdiv@counter             cstackCOMRAM 00000F
___lwdiv@dividend            cstackCOMRAM 00000B
___lwdiv@divisor             cstackCOMRAM 00000D
___lwdiv@quotient            cstackCOMRAM 000010
___param_bank                (abs)        000000
___rparam_used               (abs)        000001
___sp                        stack        000000
___wmul                      text6        00167C
___wmul@multiplicand         cstackCOMRAM 000007
___wmul@multiplier           cstackCOMRAM 000005
___wmul@product              cstackCOMRAM 000009
__accesstop                  (abs)        000060
__activetblptr               (abs)        000001
__end_of_DCmotorsInit        text17       001262
__end_of_HighISR             intcode      000068
__end_of_I2C_2_Master_Idle   text15       00167C
__end_of_I2C_2_Master_Init   text16       00162A
__end_of_I2C_2_Master_Start  text14       00171A
__end_of_I2C_2_Master_Stop   text13       001710
__end_of_I2C_2_Master_Write  text12       001706
__end_of___lwdiv             text7        001556
__end_of___wmul              text6        0016A2
__end_of__initialization     cinit        00158E
__end_of_color_click_init    text10       0015D4
__end_of_color_writetoaddr   text11       0016E2
__end_of_getCharFromTxBuf    text21       001600
__end_of_initDCmotorsPWM     text9        0014E2
__end_of_initUSART4          text8        0016C2
__end_of_isDataInTxBuf       text20       0016FA
__end_of_main                text0        0013BC
__end_of_putCharToRxBuf      text19       001654
__end_of_reverse             text4        001190
__end_of_reverseSquareRight  text1        001452
__end_of_setMotorPWM         text5        000F7C
__end_of_stop                text3        001310
__end_of_turnRight_90        text2        0010BA
__initialization             cinit        001556
__mediumconst                mediumconst  000000
__pbssBANK0                  bssBANK0     000060
__pbssCOMRAM                 bssCOMRAM    00002C
__pcinit                     cinit        001556
__pcstackBANK0               cstackBANK0  00009C
__pcstackCOMRAM              cstackCOMRAM 000001
__pdataCOMRAM                dataCOMRAM   000048
__pidataCOMRAM               idataCOMRAM  00171A
__pintcode                   intcode      000008
__psmallconst                smallconst   000E00
__ptext0                     text0        001310
__ptext1                     text1        0013BC
__ptext10                    text10       0015A0
__ptext11                    text11       0016C2
__ptext12                    text12       0016FA
__ptext13                    text13       001706
__ptext14                    text14       001710
__ptext15                    text15       001654
__ptext16                    text16       001600
__ptext17                    text17       001190
__ptext19                    text19       00162A
__ptext2                     text2        000F7C
__ptext20                    text20       0016E2
__ptext21                    text21       0015D4
__ptext3                     text3        001262
__ptext4                     text4        0010BA
__ptext5                     text5        000E10
__ptext6                     text6        00167C
__ptext7                     text7        0014E2
__ptext8                     text8        0016A2
__ptext9                     text9        001452
__ramtop                     ramtop       000E00
__smallconst                 smallconst   000E00
_color_click_init            text10       0015A0
_color_writetoaddr           text11       0016C2
_getCharFromTxBuf            text21       0015D4
_initDCmotorsPWM             text9        001452
_initUSART4                  text8        0016A2
_isDataInTxBuf               text20       0016E2
_main                        text0        001310
_off_period                  bssCOMRAM    000040
_on_period                   bssCOMRAM    000042
_putCharToRxBuf              text19       00162A
_reverse                     text4        0010BA
_reverseSquareRight          text1        0013BC
_reverse_time                dataCOMRAM   000048
_setMotorPWM                 text5        000E10
_stop                        text3        001262
_turnRight_90                text2        000F7C
_turning_time45              dataCOMRAM   00004A
btemp                        temp         00004C
color_writetoaddr@address    cstackCOMRAM 000008
color_writetoaddr@value      cstackCOMRAM 000007
end_of_initialization        cinit        00158E
initDCmotorsPWM@PWMperiod    cstackCOMRAM 000005
int$flags                    temp         00004C
intlevel0                    text         000000
intlevel1                    text         000000
intlevel2                    text         000000
intlevel3                    text         000000
isa$std                      (abs)        000001
isa$xinst                    (abs)        000000
main@motorLeft               cstackBANK0  0000A5
main@motorRight              cstackBANK0  00009C
putCharToRxBuf@byte          cstackCOMRAM 000001
reverse@mL                   cstackCOMRAM 000018
reverse@mR                   cstackCOMRAM 00001A
reverseSquareRight@mL        cstackCOMRAM 000024
reverseSquareRight@mR        cstackCOMRAM 000026
setMotorPWM@m                cstackCOMRAM 000012
setMotorPWM@negDuty          cstackCOMRAM 000017
setMotorPWM@posDuty          cstackCOMRAM 000016
stackhi                      (abs)        000000
stacklo                      (abs)        000000
start                        init         000068
start_initialization         cinit        001556
stop@mL                      cstackCOMRAM 000018
stop@mR                      cstackCOMRAM 00001A
ttemp5                       temp         00004D
ttemp6                       temp         000050
ttemp7                       temp         000054
turnRight_90@mL              cstackCOMRAM 00001E
turnRight_90@mR              cstackCOMRAM 000020
wtemp8                       temp         00004D


MODULE INFORMATION

Module		Function		Class		Link	Load	Size
serial.c
		_putCharToRxBuf		CODE           	162A	0000	42
		_isDataInTxBuf 		CODE           	16E2	0000	24
		_getCharFromTxBuf		CODE           	15D4	0000	44
		_initUSART4    		CODE           	16A2	0000	32
		_HighISR       		CODE           	0008	0000	96

serial.c estimated size: 238

C:\Program Files\Microchip\xc8\v2.40\pic\sources\c99\common\lwdiv.c
		___lwdiv       		CODE           	14E2	0000	116

C:\Program Files\Microchip\xc8\v2.40\pic\sources\c99\common\lwdiv.c estimated size: 116

color.c
		_color_writetoaddr		CODE           	16C2	0000	32
		_color_click_init		CODE           	15A0	0000	52

color.c estimated size: 84

C:\Program Files\Microchip\xc8\v2.40\pic\sources\c99\common\Umul16.c
		___wmul        		CODE           	167C	0000	38

C:\Program Files\Microchip\xc8\v2.40\pic\sources\c99\common\Umul16.c estimated size: 38

dc_motor.c
		_DCmotorsInit  		CODE           	1190	0000	210
		_stop          		CODE           	1262	0000	174
		_initDCmotorsPWM		CODE           	1452	0000	144
		_turnRight_90  		CODE           	0F7C	0000	318
		_setMotorPWM   		CODE           	0E10	0000	364
		_reverseSquareRight		CODE           	13BC	0000	150
		_reverse       		CODE           	10BA	0000	214

dc_motor.c estimated size: 1574

i2c.c
		_I2C_2_Master_Start		CODE           	1710	0000	10
		_I2C_2_Master_Idle		CODE           	1654	0000	40
		_I2C_2_Master_Init		CODE           	1600	0000	42
		_I2C_2_Master_Stop		CODE           	1706	0000	10
		_I2C_2_Master_Write		CODE           	16FA	0000	12

i2c.c estimated size: 114

shared
		__initialization		CODE           	1556	0000	56

shared estimated size: 56

main.c
		_main          		CODE           	1310	0000	172

main.c estimated size: 172

